Component: ARM Compiler 5.06 update 6 (build 750) Tool: armlink [4d35ed]

==============================================================================

Section Cross References

    startup_stm32f303xc.o(RESET) refers to startup_stm32f303xc.o(STACK) for __initial_sp
    startup_stm32f303xc.o(RESET) refers to startup_stm32f303xc.o(.text) for Reset_Handler
    startup_stm32f303xc.o(RESET) refers to stm32f3xx_it.o(i.NMI_Handler) for NMI_Handler
    startup_stm32f303xc.o(RESET) refers to stm32f3xx_it.o(i.HardFault_Handler) for HardFault_Handler
    startup_stm32f303xc.o(RESET) refers to stm32f3xx_it.o(i.MemManage_Handler) for MemManage_Handler
    startup_stm32f303xc.o(RESET) refers to stm32f3xx_it.o(i.BusFault_Handler) for BusFault_Handler
    startup_stm32f303xc.o(RESET) refers to stm32f3xx_it.o(i.UsageFault_Handler) for UsageFault_Handler
    startup_stm32f303xc.o(RESET) refers to port.o(.emb_text) for SVC_Handler
    startup_stm32f303xc.o(RESET) refers to stm32f3xx_it.o(i.DebugMon_Handler) for DebugMon_Handler
    startup_stm32f303xc.o(RESET) refers to cmsis_os2.o(i.SysTick_Handler) for SysTick_Handler
    startup_stm32f303xc.o(RESET) refers to stm32f3xx_it.o(i.DMA1_Channel4_IRQHandler) for DMA1_Channel4_IRQHandler
    startup_stm32f303xc.o(RESET) refers to stm32f3xx_it.o(i.USART1_IRQHandler) for USART1_IRQHandler
    startup_stm32f303xc.o(RESET) refers to stm32f3xx_it.o(i.TIM7_IRQHandler) for TIM7_IRQHandler
    startup_stm32f303xc.o(.text) refers to system_stm32f3xx.o(i.SystemInit) for SystemInit
    startup_stm32f303xc.o(.text) refers to entry.o(.ARM.Collect$$$$00000000) for __main
    segger_rtt.o(i.SEGGER_RTT_AllocDownBuffer) refers to segger_rtt.o(i._DoInit) for _DoInit
    segger_rtt.o(i.SEGGER_RTT_AllocDownBuffer) refers to segger_rtt.o(.bss) for .bss
    segger_rtt.o(i.SEGGER_RTT_AllocUpBuffer) refers to segger_rtt.o(i._DoInit) for _DoInit
    segger_rtt.o(i.SEGGER_RTT_AllocUpBuffer) refers to segger_rtt.o(.bss) for .bss
    segger_rtt.o(i.SEGGER_RTT_ConfigDownBuffer) refers to segger_rtt.o(i._DoInit) for _DoInit
    segger_rtt.o(i.SEGGER_RTT_ConfigDownBuffer) refers to segger_rtt.o(.bss) for .bss
    segger_rtt.o(i.SEGGER_RTT_ConfigUpBuffer) refers to segger_rtt.o(i._DoInit) for _DoInit
    segger_rtt.o(i.SEGGER_RTT_ConfigUpBuffer) refers to segger_rtt.o(.bss) for .bss
    segger_rtt.o(i.SEGGER_RTT_GetKey) refers to segger_rtt.o(i.SEGGER_RTT_Read) for SEGGER_RTT_Read
    segger_rtt.o(i.SEGGER_RTT_HasData) refers to segger_rtt.o(.bss) for .bss
    segger_rtt.o(i.SEGGER_RTT_HasKey) refers to segger_rtt.o(i._DoInit) for _DoInit
    segger_rtt.o(i.SEGGER_RTT_HasKey) refers to segger_rtt.o(.bss) for .bss
    segger_rtt.o(i.SEGGER_RTT_Init) refers to segger_rtt.o(i._DoInit) for _DoInit
    segger_rtt.o(i.SEGGER_RTT_Read) refers to segger_rtt.o(i.SEGGER_RTT_ReadNoLock) for SEGGER_RTT_ReadNoLock
    segger_rtt.o(i.SEGGER_RTT_ReadNoLock) refers to segger_rtt.o(i._DoInit) for _DoInit
    segger_rtt.o(i.SEGGER_RTT_ReadNoLock) refers to memcpya.o(.text) for __aeabi_memcpy
    segger_rtt.o(i.SEGGER_RTT_ReadNoLock) refers to segger_rtt.o(.bss) for .bss
    segger_rtt.o(i.SEGGER_RTT_SetFlagsDownBuffer) refers to segger_rtt.o(i._DoInit) for _DoInit
    segger_rtt.o(i.SEGGER_RTT_SetFlagsDownBuffer) refers to segger_rtt.o(.bss) for .bss
    segger_rtt.o(i.SEGGER_RTT_SetFlagsUpBuffer) refers to segger_rtt.o(i._DoInit) for _DoInit
    segger_rtt.o(i.SEGGER_RTT_SetFlagsUpBuffer) refers to segger_rtt.o(.bss) for .bss
    segger_rtt.o(i.SEGGER_RTT_SetNameDownBuffer) refers to segger_rtt.o(i._DoInit) for _DoInit
    segger_rtt.o(i.SEGGER_RTT_SetNameDownBuffer) refers to segger_rtt.o(.bss) for .bss
    segger_rtt.o(i.SEGGER_RTT_SetNameUpBuffer) refers to segger_rtt.o(i._DoInit) for _DoInit
    segger_rtt.o(i.SEGGER_RTT_SetNameUpBuffer) refers to segger_rtt.o(.bss) for .bss
    segger_rtt.o(i.SEGGER_RTT_SetTerminal) refers to segger_rtt.o(i._DoInit) for _DoInit
    segger_rtt.o(i.SEGGER_RTT_SetTerminal) refers to segger_rtt.o(i._GetAvailWriteSpace) for _GetAvailWriteSpace
    segger_rtt.o(i.SEGGER_RTT_SetTerminal) refers to segger_rtt.o(i._WriteNoCheck) for _WriteNoCheck
    segger_rtt.o(i.SEGGER_RTT_SetTerminal) refers to segger_rtt.o(i._WriteBlocking) for _WriteBlocking
    segger_rtt.o(i.SEGGER_RTT_SetTerminal) refers to segger_rtt.o(.bss) for .bss
    segger_rtt.o(i.SEGGER_RTT_SetTerminal) refers to segger_rtt.o(.data) for .data
    segger_rtt.o(i.SEGGER_RTT_TerminalOut) refers to segger_rtt.o(i._DoInit) for _DoInit
    segger_rtt.o(i.SEGGER_RTT_TerminalOut) refers to strlen.o(.text) for strlen
    segger_rtt.o(i.SEGGER_RTT_TerminalOut) refers to segger_rtt.o(i._GetAvailWriteSpace) for _GetAvailWriteSpace
    segger_rtt.o(i.SEGGER_RTT_TerminalOut) refers to segger_rtt.o(i._PostTerminalSwitch) for _PostTerminalSwitch
    segger_rtt.o(i.SEGGER_RTT_TerminalOut) refers to segger_rtt.o(i._WriteBlocking) for _WriteBlocking
    segger_rtt.o(i.SEGGER_RTT_TerminalOut) refers to segger_rtt.o(.bss) for .bss
[...]
    prvInitialiseNewTask                     0x08002729   Thumb Code   156  tasks.o(i.prvInitialiseNewTask)
    i.prvInsertBlockIntoFreeList             0x080027c4   Section        0  heap_4.o(i.prvInsertBlockIntoFreeList)
    prvInsertBlockIntoFreeList               0x080027c5   Thumb Code    72  heap_4.o(i.prvInsertBlockIntoFreeList)
    i.prvInsertTimerInActiveList             0x08002810   Section        0  timers.o(i.prvInsertTimerInActiveList)
    prvInsertTimerInActiveList               0x08002811   Thumb Code    52  timers.o(i.prvInsertTimerInActiveList)
    i.prvIsQueueEmpty                        0x08002848   Section        0  queue.o(i.prvIsQueueEmpty)
    prvIsQueueEmpty                          0x08002849   Thumb Code    28  queue.o(i.prvIsQueueEmpty)
    i.prvMarkObjectAsUsed                    0x08002864   Section        0  trcsnapshotrecorder.o(i.prvMarkObjectAsUsed)
    i.prvProcessReceivedCommands             0x08002884   Section        0  timers.o(i.prvProcessReceivedCommands)
    prvProcessReceivedCommands               0x08002885   Thumb Code   198  timers.o(i.prvProcessReceivedCommands)
    i.prvProcessTimerOrBlockTask             0x08002950   Section        0  timers.o(i.prvProcessTimerOrBlockTask)
    prvProcessTimerOrBlockTask               0x08002951   Thumb Code   172  timers.o(i.prvProcessTimerOrBlockTask)
    i.prvRemoveTaskFromStackMonitor          0x08002a04   Section        0  trckernelport.o(i.prvRemoveTaskFromStackMonitor)
    i.prvReportStackUsage                    0x08002a2c   Section        0  trckernelport.o(i.prvReportStackUsage)
    i.prvResetNextTaskUnblockTime            0x08002a94   Section        0  tasks.o(i.prvResetNextTaskUnblockTime)
    prvResetNextTaskUnblockTime              0x08002a95   Thumb Code    26  tasks.o(i.prvResetNextTaskUnblockTime)
    i.prvSampleTimeNow                       0x08002ab4   Section        0  timers.o(i.prvSampleTimeNow)
    prvSampleTimeNow                         0x08002ab5   Thumb Code    36  timers.o(i.prvSampleTimeNow)
    i.prvStrncpy                             0x08002adc   Section        0  trcsnapshotrecorder.o(i.prvStrncpy)
    prvStrncpy                               0x08002add   Thumb Code    24  trcsnapshotrecorder.o(i.prvStrncpy)
    i.prvSwitchTimerLists                    0x08002af4   Section        0  timers.o(i.prvSwitchTimerLists)
    prvSwitchTimerLists                      0x08002af5   Thumb Code   102  timers.o(i.prvSwitchTimerLists)
    i.prvTaskCheckFreeStackSpace             0x08002b60   Section        0  tasks.o(i.prvTaskCheckFreeStackSpace)
    prvTaskCheckFreeStackSpace               0x08002b61   Thumb Code    20  tasks.o(i.prvTaskCheckFreeStackSpace)
    i.prvTaskExitError                       0x08002b74   Section        0  port.o(i.prvTaskExitError)
    prvTaskExitError                         0x08002b75   Thumb Code    36  port.o(i.prvTaskExitError)
    i.prvTimerTask                           0x08002b9c   Section        0  timers.o(i.prvTimerTask)
    prvTimerTask                             0x08002b9d   Thumb Code    32  timers.o(i.prvTimerTask)
    i.prvTraceCreateSymbolTableEntry         0x08002bc0   Section        0  trcsnapshotrecorder.o(i.prvTraceCreateSymbolTableEntry)
    prvTraceCreateSymbolTableEntry           0x08002bc1   Thumb Code   194  trcsnapshotrecorder.o(i.prvTraceCreateSymbolTableEntry)
    i.prvTraceError                          0x08002d00   Section        0  trcsnapshotrecorder.o(i.prvTraceError)
    i.prvTraceFreeObjectHandle               0x08002d38   Section        0  trcsnapshotrecorder.o(i.prvTraceFreeObjectHandle)
    i.prvTraceGetChecksum                    0x08002dc0   Section        0  trcsnapshotrecorder.o(i.prvTraceGetChecksum)
    prvTraceGetChecksum                      0x08002dc1   Thumb Code    54  trcsnapshotrecorder.o(i.prvTraceGetChecksum)
    i.prvTraceGetCurrentTaskHandle           0x08002e90   Section        0  trckernelport.o(i.prvTraceGetCurrentTaskHandle)
    i.prvTraceGetDTS                         0x08002e94   Section        0  trcsnapshotrecorder.o(i.prvTraceGetDTS)
    prvTraceGetDTS                           0x08002e95   Thumb Code   198  trcsnapshotrecorder.o(i.prvTraceGetDTS)
    i.prvTraceGetObjectHandle                0x08002fcc   Section        0  trcsnapshotrecorder.o(i.prvTraceGetObjectHandle)
    i.prvTraceGetObjectState                 0x08003068   Section        0  trcsnapshotrecorder.o(i.prvTraceGetObjectState)
    prvTraceGetObjectState                   0x08003069   Thumb Code    62  trcsnapshotrecorder.o(i.prvTraceGetObjectState)
    i.prvTraceGetParam                       0x080030ec   Section        0  trcsnapshotrecorder.o(i.prvTraceGetParam)
    prvTraceGetParam                         0x080030ed   Thumb Code    68  trcsnapshotrecorder.o(i.prvTraceGetParam)
    i.prvTraceGetPriorityProperty            0x0800316c   Section        0  trcsnapshotrecorder.o(i.prvTraceGetPriorityProperty)
    i.prvTraceGetQueueNumber                 0x080031f4   Section        0  trckernelport.o(i.prvTraceGetQueueNumber)
    i.prvTraceGetQueueNumberHigh16           0x080031f8   Section        0  trckernelport.o(i.prvTraceGetQueueNumberHigh16)
    i.prvTraceGetQueueNumberLow16            0x08003202   Section        0  trckernelport.o(i.prvTraceGetQueueNumberLow16)
    i.prvTraceGetQueueType                   0x0800320c   Section        0  trckernelport.o(i.prvTraceGetQueueType)
    i.prvTraceGetTaskNumberHigh16            0x08003210   Section        0  trckernelport.o(i.prvTraceGetTaskNumberHigh16)
    i.prvTraceGetTaskNumberLow16             0x0800321a   Section        0  trckernelport.o(i.prvTraceGetTaskNumberLow16)
    i.prvTraceInitCortexM                    0x08003224   Section        0  trcsnapshotrecorder.o(i.prvTraceInitCortexM)
    i.prvTraceInitTraceData                  0x080032c4   Section        0  trcsnapshotrecorder.o(i.prvTraceInitTraceData)
    i.prvTraceLookupSymbolTableEntry         0x0800340c   Section        0  trcsnapshotrecorder.o(i.prvTraceLookupSymbolTableEntry)
    prvTraceLookupSymbolTableEntry           0x0800340d   Thumb Code   120  trcsnapshotrecorder.o(i.prvTraceLookupSymbolTableEntry)
    i.prvTraceNextFreeEventBufferSlot        0x080034fc   Section        0  trcsnapshotrecorder.o(i.prvTraceNextFreeEventBufferSlot)
    prvTraceNextFreeEventBufferSlot          0x080034fd   Thumb Code    38  trcsnapshotrecorder.o(i.prvTraceNextFreeEventBufferSlot)
    i.prvTraceOpenSymbol                     0x08003550   Section        0  trcsnapshotrecorder.o(i.prvTraceOpenSymbol)
    prvTraceOpenSymbol                       0x08003551   Thumb Code   110  trcsnapshotrecorder.o(i.prvTraceOpenSymbol)
    i.prvTracePortGetTimeStamp               0x080035f4   Section        0  trcsnapshotrecorder.o(i.prvTracePortGetTimeStamp)
    i.prvTraceSetObjectName                  0x08003634   Section        0  trcsnapshotrecorder.o(i.prvTraceSetObjectName)
    i.prvTraceSetObjectState                 0x0800372c   Section        0  trcsnapshotrecorder.o(i.prvTraceSetObjectState)
    i.prvTraceSetPriorityProperty            0x080037b0   Section        0  trcsnapshotrecorder.o(i.prvTraceSetPriorityProperty)
    i.prvTraceSetQueueNumberHigh16           0x08003838   Section        0  trckernelport.o(i.prvTraceSetQueueNumberHigh16)
    i.prvTraceSetQueueNumberLow16            0x08003852   Section        0  trckernelport.o(i.prvTraceSetQueueNumberLow16)
    i.prvTraceSetTaskInstanceFinished        0x0800386c   Section        0  trcsnapshotrecorder.o(i.prvTraceSetTaskInstanceFinished)
    i.prvTraceSetTaskNumberHigh16            0x080038a4   Section        0  trckernelport.o(i.prvTraceSetTaskNumberHigh16)
    i.prvTraceSetTaskNumberLow16             0x080038be   Section        0  trckernelport.o(i.prvTraceSetTaskNumberLow16)
    i.prvTraceStoreKernelCall                0x080038d8   Section        0  trcsnapshotrecorder.o(i.prvTraceStoreKernelCall)
    i.prvTraceStoreKernelCallWithNumericParamOnly 0x080039d4   Section        0  trcsnapshotrecorder.o(i.prvTraceStoreKernelCallWithNumericParamOnly)
    i.prvTraceStoreKernelCallWithParam       0x08003a84   Section        0  trcsnapshotrecorder.o(i.prvTraceStoreKernelCallWithParam)
    i.prvTraceStoreObjectNameOnCloseEvent    0x08003b98   Section        0  trcsnapshotrecorder.o(i.prvTraceStoreObjectNameOnCloseEvent)
    i.prvTraceStoreObjectPropertiesOnCloseEvent 0x08003c00   Section        0  trcsnapshotrecorder.o(i.prvTraceStoreObjectPropertiesOnCloseEvent)
    i.prvTraceStoreTaskReady                 0x08003c80   Section        0  trcsnapshotrecorder.o(i.prvTraceStoreTaskReady)
    i.prvTraceStoreTaskswitch                0x08003d64   Section        0  trcsnapshotrecorder.o(i.prvTraceStoreTaskswitch)
    i.prvTraceUpdateCounters                 0x08003dec   Section        0  trcsnapshotrecorder.o(i.prvTraceUpdateCounters)
    prvTraceUpdateCounters                   0x08003ded   Thumb Code    44  trcsnapshotrecorder.o(i.prvTraceUpdateCounters)
    i.prvUnlockQueue                         0x08003e1c   Section        0  queue.o(i.prvUnlockQueue)
    prvUnlockQueue                           0x08003e1d   Thumb Code   106  queue.o(i.prvUnlockQueue)
    i.pszTraceGetErrorNotEnoughHandles       0x08003e88   Section        0  trckernelport.o(i.pszTraceGetErrorNotEnoughHandles)
    i.pvPortMalloc                           0x08003f18   Section        0  heap_4.o(i.pvPortMalloc)
    i.pxPortInitialiseStack                  0x08004004   Section        0  port.o(i.pxPortInitialiseStack)
    i.ucQueueGetQueueType                    0x08004030   Section        0  queue.o(i.ucQueueGetQueueType)
    i.uiIndexOfObject                        0x08004038   Section        0  trcsnapshotrecorder.o(i.uiIndexOfObject)
    i.uiTraceStart                           0x080040f8   Section        0  trcsnapshotrecorder.o(i.uiTraceStart)
    i.uxListRemove                           0x08004184   Section        0  list.o(i.uxListRemove)
    i.uxQueueGetQueueNumber                  0x080041aa   Section        0  queue.o(i.uxQueueGetQueueNumber)
    i.uxTaskGetStackHighWaterMark            0x080041b0   Section        0  tasks.o(i.uxTaskGetStackHighWaterMark)
    i.uxTaskGetTaskNumber                    0x080041c0   Section        0  tasks.o(i.uxTaskGetTaskNumber)
    i.uxTaskPriorityGet                      0x080041c8   Section        0  tasks.o(i.uxTaskPriorityGet)
    i.vApplicationGetIdleTaskMemory          0x080041e4   Section        0  cmsis_os2.o(i.vApplicationGetIdleTaskMemory)
    i.vApplicationGetTimerTaskMemory         0x080041f8   Section        0  cmsis_os2.o(i.vApplicationGetTimerTaskMemory)
    i.vListInitialise                        0x08004210   Section        0  list.o(i.vListInitialise)
    i.vListInitialiseItem                    0x08004226   Section        0  list.o(i.vListInitialiseItem)
    i.vListInsert                            0x0800422c   Section        0  list.o(i.vListInsert)
    i.vListInsertEnd                         0x0800425c   Section        0  list.o(i.vListInsertEnd)
    i.vPortEnterCritical                     0x08004274   Section        0  port.o(i.vPortEnterCritical)
    i.vPortExitCritical                      0x080042b4   Section        0  port.o(i.vPortExitCritical)
    i.vPortFree                              0x080042dc   Section        0  heap_4.o(i.vPortFree)
    i.vPortSetupTimerInterrupt               0x08004344   Section        0  port.o(i.vPortSetupTimerInterrupt)
    i.vPortValidateInterruptPriority         0x08004368   Section        0  port.o(i.vPortValidateInterruptPriority)
    i.vQueueAddToRegistry                    0x080043bc   Section        0  queue.o(i.vQueueAddToRegistry)
    i.vQueueSetQueueNumber                   0x08004408   Section        0  queue.o(i.vQueueSetQueueNumber)
    i.vQueueWaitForMessageRestricted         0x0800440c   Section        0  queue.o(i.vQueueWaitForMessageRestricted)
    i.vTaskDelay                             0x08004450   Section        0  tasks.o(i.vTaskDelay)
    i.vTaskDelete                            0x080044dc   Section        0  tasks.o(i.vTaskDelete)
    i.vTaskInternalSetTimeOutState           0x08004604   Section        0  tasks.o(i.vTaskInternalSetTimeOutState)
    i.vTaskMissedYield                       0x08004614   Section        0  tasks.o(i.vTaskMissedYield)
    i.vTaskPlaceOnEventList                  0x08004620   Section        0  tasks.o(i.vTaskPlaceOnEventList)
    i.vTaskPlaceOnEventListRestricted        0x08004650   Section        0  tasks.o(i.vTaskPlaceOnEventListRestricted)
    i.vTaskPrioritySet                       0x080046d0   Section        0  tasks.o(i.vTaskPrioritySet)
    i.vTaskSetTaskNumber                     0x080047e4   Section        0  tasks.o(i.vTaskSetTaskNumber)
    i.vTaskStartScheduler                    0x080047ec   Section        0  tasks.o(i.vTaskStartScheduler)
    i.vTaskSuspendAll                        0x08004874   Section        0  tasks.o(i.vTaskSuspendAll)
    i.vTaskSwitchContext                     0x08004884   Section        0  tasks.o(i.vTaskSwitchContext)
    i.vTraceEnable                           0x08004914   Section        0  trckernelport.o(i.vTraceEnable)
    i.vTraceInitObjectHandleStack            0x080049e4   Section        0  trckernelport.o(i.vTraceInitObjectHandleStack)
    i.vTraceInitObjectPropertyTable          0x08004a48   Section        0  trckernelport.o(i.vTraceInitObjectPropertyTable)
    i.vTraceStart                            0x08004ad4   Section        0  trcsnapshotrecorder.o(i.vTraceStart)
    i.vTraceStop                             0x08004ad8   Section        0  trcsnapshotrecorder.o(i.vTraceStop)
    i.vTraceStoreMemMangEvent                0x08004af0   Section        0  trcsnapshotrecorder.o(i.vTraceStoreMemMangEvent)
    i.xPortStartScheduler                    0x08004b9c   Section        0  port.o(i.xPortStartScheduler)
    i.xPortSysTickHandler                    0x08004c90   Section        0  port.o(i.xPortSysTickHandler)
    i.xQueueGenericCreateStatic              0x08004cbc   Section        0  queue.o(i.xQueueGenericCreateStatic)
    i.xQueueGenericReset                     0x08004d24   Section        0  queue.o(i.xQueueGenericReset)
    i.xQueueGenericSend                      0x08004dac   Section        0  queue.o(i.xQueueGenericSend)
    i.xQueueGenericSendFromISR               0x08005030   Section        0  queue.o(i.xQueueGenericSendFromISR)
    i.xQueueReceive                          0x08005194   Section        0  queue.o(i.xQueueReceive)
    i.xTaskCheckForTimeOut                   0x08005408   Section        0  tasks.o(i.xTaskCheckForTimeOut)
    i.xTaskCreate                            0x0800547c   Section        0  tasks.o(i.xTaskCreate)
    i.xTaskCreateStatic                      0x080054d6   Section        0  tasks.o(i.xTaskCreateStatic)
    i.xTaskGetCurrentTaskHandle              0x0800552c   Section        0  tasks.o(i.xTaskGetCurrentTaskHandle)
    i.xTaskGetSchedulerState                 0x08005538   Section        0  tasks.o(i.xTaskGetSchedulerState)
    i.xTaskGetTickCount                      0x08005554   Section        0  tasks.o(i.xTaskGetTickCount)
    i.xTaskIncrementTick                     0x08005560   Section        0  tasks.o(i.xTaskIncrementTick)
    i.xTaskPriorityDisinherit                0x08005670   Section        0  tasks.o(i.xTaskPriorityDisinherit)
    i.xTaskRemoveFromEventList               0x08005750   Section        0  tasks.o(i.xTaskRemoveFromEventList)
    i.xTaskResumeAll                         0x080057dc   Section        0  tasks.o(i.xTaskResumeAll)
    i.xTimerCreateTimerTask                  0x080058c0   Section        0  timers.o(i.xTimerCreateTimerTask)
    i.xTimerGenericCommand                   0x08005920   Section        0  timers.o(i.xTimerGenericCommand)
    i.xTraceIsRecordingEnabled               0x08005988   Section        0  trcsnapshotrecorder.o(i.xTraceIsRecordingEnabled)
    .constdata                               0x08005998   Section      180  main.o(.constdata)
    .constdata                               0x08005a4c   Section       32  stm32f3xx_hal_rcc.o(.constdata)
    .constdata                               0x08005a6c   Section       16  system_stm32f3xx.o(.constdata)
    .constdata                               0x08005a7c   Section        8  system_stm32f3xx.o(.constdata)
    .conststring                             0x08005a84   Section      718  trckernelport.o(.conststring)
    .conststring                             0x08005d54   Section     1661  trcsnapshotrecorder.o(.conststring)
    .conststring                             0x080063d4   Section       60  main.o(.conststring)
    .data                                    0x20000000   Section       12  trckernelport.o(.data)
    HandleTzCtrl                             0x20000000   Data           4  trckernelport.o(.data)
    i                                        0x20000008   Data           4  trckernelport.o(.data)
    .data                                    0x2000000c   Section        5  trckernelport.o(.data)
    .data                                    0x20000014   Section       80  trcsnapshotrecorder.o(.data)
    handle                                   0x20000016   Data           1  trcsnapshotrecorder.o(.data)
    idx                                      0x2000001c   Data           2  trcsnapshotrecorder.o(.data)
    readyEventsEnabled                       0x20000024   Data           4  trcsnapshotrecorder.o(.data)
    last_timestamp                           0x2000002c   Data           4  trcsnapshotrecorder.o(.data)
    heapMemUsage                             0x20000040   Data           4  trcsnapshotrecorder.o(.data)
    indexOfHandle                            0x20000048   Data           4  trcsnapshotrecorder.o(.data)
    old_timestamp                            0x2000004c   Data           4  trcsnapshotrecorder.o(.data)
    last_hwtc_count                          0x20000050   Data           4  trcsnapshotrecorder.o(.data)
    last_hwtc_rest                           0x20000054   Data           4  trcsnapshotrecorder.o(.data)
    isrstack                                 0x2000005c   Data           8  trcsnapshotrecorder.o(.data)
    .data                                    0x20000064   Section        4  trcsnapshotrecorder.o(.data)
    .data                                    0x20000068   Section        4  trcsnapshotrecorder.o(.data)
    .data                                    0x2000006c   Section       24  main.o(.data)
    .data                                    0x20000084   Section       12  stm32f3xx_hal.o(.data)
    .data                                    0x20000090   Section        4  system_stm32f3xx.o(.data)
    .data                                    0x20000094   Section       60  tasks.o(.data)
    pxDelayedTaskList                        0x20000098   Data           4  tasks.o(.data)
    pxOverflowDelayedTaskList                0x2000009c   Data           4  tasks.o(.data)
    uxDeletedTasksWaitingCleanUp             0x200000a0   Data           4  tasks.o(.data)
    uxCurrentNumberOfTasks                   0x200000a4   Data           4  tasks.o(.data)
    xTickCount                               0x200000a8   Data           4  tasks.o(.data)
    uxTopReadyPriority                       0x200000ac   Data           4  tasks.o(.data)
    xSchedulerRunning                        0x200000b0   Data           4  tasks.o(.data)
    uxPendedTicks                            0x200000b4   Data           4  tasks.o(.data)
    xYieldPending                            0x200000b8   Data           4  tasks.o(.data)
    xNumOfOverflows                          0x200000bc   Data           4  tasks.o(.data)
    uxTaskNumber                             0x200000c0   Data           4  tasks.o(.data)
    xNextTaskUnblockTime                     0x200000c4   Data           4  tasks.o(.data)
    xIdleTaskHandle                          0x200000c8   Data           4  tasks.o(.data)
    uxSchedulerSuspended                     0x200000cc   Data           4  tasks.o(.data)
    .data                                    0x200000d0   Section       20  timers.o(.data)
    pxCurrentTimerList                       0x200000d0   Data           4  timers.o(.data)
    pxOverflowTimerList                      0x200000d4   Data           4  timers.o(.data)
    xTimerQueue                              0x200000d8   Data           4  timers.o(.data)
    xTimerTaskHandle                         0x200000dc   Data           4  timers.o(.data)
    xLastTime                                0x200000e0   Data           4  timers.o(.data)
    .data                                    0x200000e4   Section        4  cmsis_os2.o(.data)
    KernelState                              0x200000e4   Data           4  cmsis_os2.o(.data)
    .data                                    0x200000e8   Section       24  heap_4.o(.data)
    pxEnd                                    0x200000e8   Data           4  heap_4.o(.data)
    xFreeBytesRemaining                      0x200000ec   Data           4  heap_4.o(.data)
    xMinimumEverFreeBytesRemaining           0x200000f0   Data           4  heap_4.o(.data)
    xBlockAllocatedBit                       0x200000f4   Data           4  heap_4.o(.data)
    xStart                                   0x200000f8   Data           8  heap_4.o(.data)
    .data                                    0x20000100   Section       12  port.o(.data)
    ucMaxSysCallPriority                     0x20000100   Data           1  port.o(.data)
    uxCriticalNesting                        0x20000104   Data           4  port.o(.data)
    ulMaxPRIGROUPValue                       0x20000108   Data           4  port.o(.data)
    .bss                                     0x2000010c   Section     1196  trckernelport.o(.bss)
    stackTzCtrl                              0x2000015c   Data        1024  trckernelport.o(.bss)
    tcbTzCtrl                                0x2000055c   Data          92  trckernelport.o(.bss)
    .bss                                     0x200005b8   Section     6568  trcsnapshotrecorder.o(.bss)
    .bss                                     0x20001f60   Section      384  main.o(.bss)
    .bss                                     0x200020e0   Section       68  main.o(.bss)
    .bss                                     0x20002124   Section       64  stm32f3xx_hal_timebase_tim.o(.bss)
    .bss                                     0x20002164   Section       64  queue.o(.bss)
    .bss                                     0x200021a4   Section     1220  tasks.o(.bss)
    pxReadyTasksLists                        0x200021a4   Data        1120  tasks.o(.bss)
    xDelayedTaskList1                        0x20002604   Data          20  tasks.o(.bss)
    xDelayedTaskList2                        0x20002618   Data          20  tasks.o(.bss)
    xPendingReadyList                        0x2000262c   Data          20  tasks.o(.bss)
    xTasksWaitingTermination                 0x20002640   Data          20  tasks.o(.bss)
    xSuspendedTaskList                       0x20002654   Data          20  tasks.o(.bss)
    .bss                                     0x20002668   Section      280  timers.o(.bss)
    xActiveTimerList1                        0x20002668   Data          20  timers.o(.bss)
    xActiveTimerList2                        0x2000267c   Data          20  timers.o(.bss)
    xStaticTimerQueue                        0x20002690   Data          80  timers.o(.bss)
    ucStaticTimerQueueStorage                0x200026e0   Data         160  timers.o(.bss)
    .bss                                     0x20002780   Section     1720  cmsis_os2.o(.bss)
    Idle_TCB                                 0x20002780   Data          92  cmsis_os2.o(.bss)
    Idle_Stack                               0x200027dc   Data         512  cmsis_os2.o(.bss)
    Timer_TCB                                0x200029dc   Data          92  cmsis_os2.o(.bss)
    Timer_Stack                              0x20002a38   Data        1024  cmsis_os2.o(.bss)
    .bss                                     0x20002e38   Section     3072  heap_4.o(.bss)
    ucHeap                                   0x20002e38   Data        3072  heap_4.o(.bss)
    STACK                                    0x20003a38   Section     1024  startup_stm32f303xc.o(STACK)

    Global Symbols

    Symbol Name                              Value     Ov Type        Size  Object(Section)

    BuildAttributes$$THM_ISAv4$E$P$D$K$B$S$7EM$VFPi3$EXTD16$VFPS$VFMA$PE$A:L22UL41UL21$X:L11$S22US41US21$IEEE1$IW$USESV6$~STKCKD$USESV7$~SHL$OSPACE$ROPI$EBA8$MICROLIB$REQ8$PRES8$EABIv2 0x00000000   Number         0  anon$$obj.o ABSOLUTE
    __ARM_use_no_argv                        0x00000000   Number         0  main.o ABSOLUTE
    __cpp_initialize__aeabi_                  - Undefined Weak Reference
    __cxa_finalize                            - Undefined Weak Reference
    __decompress                              - Undefined Weak Reference
    _clock_init                               - Undefined Weak Reference
    _microlib_exit                            - Undefined Weak Reference
    __Vectors_Size                           0x00000188   Number         0  startup_stm32f303xc.o ABSOLUTE
    __Vectors                                0x08000000   Data           4  startup_stm32f303xc.o(RESET)
    __Vectors_End                            0x08000188   Data           0  startup_stm32f303xc.o(RESET)
    __main                                   0x08000189   Thumb Code     0  entry.o(.ARM.Collect$$$$00000000)
    _main_stk                                0x08000189   Thumb Code     0  entry2.o(.ARM.Collect$$$$00000001)
    _main_scatterload                        0x0800018d   Thumb Code     0  entry5.o(.ARM.Collect$$$$00000004)
    __main_after_scatterload                 0x08000191   Thumb Code     0  entry5.o(.ARM.Collect$$$$00000004)
    _main_clock                              0x08000191   Thumb Code     0  entry7b.o(.ARM.Collect$$$$00000008)
    _main_cpp_init                           0x08000191   Thumb Code     0  entry8b.o(.ARM.Collect$$$$0000000A)
    _main_init                               0x08000191   Thumb Code     0  entry9a.o(.ARM.Collect$$$$0000000B)
    __rt_final_cpp                           0x08000199   Thumb Code     0  entry10a.o(.ARM.Collect$$$$0000000D)
    __rt_final_exit                          0x08000199   Thumb Code     0  entry11a.o(.ARM.Collect$$$$0000000F)
    SVC_Handler                              0x0800019d   Thumb Code    28  port.o(.emb_text)
    __asm___6_port_c_39a90d8d__prvStartFirstTask 0x080001bd   Thumb Code    36  port.o(.emb_text)
    __asm___6_port_c_39a90d8d__prvEnableVFP  0x080001e5   Thumb Code    16  port.o(.emb_text)
    PendSV_Handler                           0x080001f9   Thumb Code    88  port.o(.emb_text)
    vPortGetIPSR                             0x08000255   Thumb Code     6  port.o(.emb_text)
    Reset_Handler                            0x0800025d   Thumb Code     8  startup_stm32f303xc.o(.text)
    ADC1_2_IRQHandler                        0x08000277   Thumb Code     0  startup_stm32f303xc.o(.text)
    ADC3_IRQHandler                          0x08000277   Thumb Code     0  startup_stm32f303xc.o(.text)
    ADC4_IRQHandler                          0x08000277   Thumb Code     0  startup_stm32f303xc.o(.text)
    CAN_RX1_IRQHandler                       0x08000277   Thumb Code     0  startup_stm32f303xc.o(.text)
    CAN_SCE_IRQHandler                       0x08000277   Thumb Code     0  startup_stm32f303xc.o(.text)
    COMP1_2_3_IRQHandler                     0x08000277   Thumb Code     0  startup_stm32f303xc.o(.text)
    COMP4_5_6_IRQHandler                     0x08000277   Thumb Code     0  startup_stm32f303xc.o(.text)
    COMP7_IRQHandler                         0x08000277   Thumb Code     0  startup_stm32f303xc.o(.text)
    DMA1_Channel1_IRQHandler                 0x08000277   Thumb Code     0  startup_stm32f303xc.o(.text)
    DMA1_Channel2_IRQHandler                 0x08000277   Thumb Code     0  startup_stm32f303xc.o(.text)
    DMA1_Channel3_IRQHandler                 0x08000277   Thumb Code     0  startup_stm32f303xc.o(.text)
    DMA1_Channel5_IRQHandler                 0x08000277   Thumb Code     0  startup_stm32f303xc.o(.text)
    DMA1_Channel6_IRQHandler                 0x08000277   Thumb Code     0  startup_stm32f303xc.o(.text)
    DMA1_Channel7_IRQHandler                 0x08000277   Thumb Code     0  startup_stm32f303xc.o(.text)
    DMA2_Channel1_IRQHandler                 0x08000277   Thumb Code     0  startup_stm32f303xc.o(.text)
    DMA2_Channel2_IRQHandler                 0x08000277   Thumb Code     0  startup_stm32f303xc.o(.text)
    DMA2_Channel3_IRQHandler                 0x08000277   Thumb Code     0  startup_stm32f303xc.o(.text)
    DMA2_Channel4_IRQHandler                 0x08000277   Thumb Code     0  startup_stm32f303xc.o(.text)
    DMA2_Channel5_IRQHandler                 0x08000277   Thumb Code     0  startup_stm32f303xc.o(.text)
    EXTI0_IRQHandler                         0x08000277   Thumb Code     0  startup_stm32f303xc.o(.text)
    EXTI15_10_IRQHandler                     0x08000277   Thumb Code     0  startup_stm32f303xc.o(.text)
    EXTI1_IRQHandler                         0x08000277   Thumb Code     0  startup_stm32f303xc.o(.text)
    EXTI2_TSC_IRQHandler                     0x08000277   Thumb Code     0  startup_stm32f303xc.o(.text)
    EXTI3_IRQHandler                         0x08000277   Thumb Code     0  startup_stm32f303xc.o(.text)
    EXTI4_IRQHandler                         0x08000277   Thumb Code     0  startup_stm32f303xc.o(.text)
    EXTI9_5_IRQHandler                       0x08000277   Thumb Code     0  startup_stm32f303xc.o(.text)
    FLASH_IRQHandler                         0x08000277   Thumb Code     0  startup_stm32f303xc.o(.text)
    FPU_IRQHandler                           0x08000277   Thumb Code     0  startup_stm32f303xc.o(.text)
    I2C1_ER_IRQHandler                       0x08000277   Thumb Code     0  startup_stm32f303xc.o(.text)
    I2C1_EV_IRQHandler                       0x08000277   Thumb Code     0  startup_stm32f303xc.o(.text)
    I2C2_ER_IRQHandler                       0x08000277   Thumb Code     0  startup_stm32f303xc.o(.text)
    I2C2_EV_IRQHandler                       0x08000277   Thumb Code     0  startup_stm32f303xc.o(.text)
    PVD_IRQHandler                           0x08000277   Thumb Code     0  startup_stm32f303xc.o(.text)
    RCC_IRQHandler                           0x08000277   Thumb Code     0  startup_stm32f303xc.o(.text)
    RTC_Alarm_IRQHandler                     0x08000277   Thumb Code     0  startup_stm32f303xc.o(.text)
    RTC_WKUP_IRQHandler                      0x08000277   Thumb Code     0  startup_stm32f303xc.o(.text)
    SPI1_IRQHandler                          0x08000277   Thumb Code     0  startup_stm32f303xc.o(.text)
    SPI2_IRQHandler                          0x08000277   Thumb Code     0  startup_stm32f303xc.o(.text)
    SPI3_IRQHandler                          0x08000277   Thumb Code     0  startup_stm32f303xc.o(.text)
    TAMP_STAMP_IRQHandler                    0x08000277   Thumb Code     0  startup_stm32f303xc.o(.text)
    TIM1_BRK_TIM15_IRQHandler                0x08000277   Thumb Code     0  startup_stm32f303xc.o(.text)
    TIM1_CC_IRQHandler                       0x08000277   Thumb Code     0  startup_stm32f303xc.o(.text)
    TIM1_TRG_COM_TIM17_IRQHandler            0x08000277   Thumb Code     0  startup_stm32f303xc.o(.text)
    TIM1_UP_TIM16_IRQHandler                 0x08000277   Thumb Code     0  startup_stm32f303xc.o(.text)
    TIM2_IRQHandler                          0x08000277   Thumb Code     0  startup_stm32f303xc.o(.text)
    TIM3_IRQHandler                          0x08000277   Thumb Code     0  startup_stm32f303xc.o(.text)
    TIM4_IRQHandler                          0x08000277   Thumb Code     0  startup_stm32f303xc.o(.text)
    TIM6_DAC_IRQHandler                      0x08000277   Thumb Code     0  startup_stm32f303xc.o(.text)
    TIM8_BRK_IRQHandler                      0x08000277   Thumb Code     0  startup_stm32f303xc.o(.text)
    TIM8_CC_IRQHandler                       0x08000277   Thumb Code     0  startup_stm32f303xc.o(.text)
    TIM8_TRG_COM_IRQHandler                  0x08000277   Thumb Code     0  startup_stm32f303xc.o(.text)
    TIM8_UP_IRQHandler                       0x08000277   Thumb Code     0  startup_stm32f303xc.o(.text)
    UART4_IRQHandler                         0x08000277   Thumb Code     0  startup_stm32f303xc.o(.text)
    UART5_IRQHandler                         0x08000277   Thumb Code     0  startup_stm32f303xc.o(.text)
    USART2_IRQHandler                        0x08000277   Thumb Code     0  startup_stm32f303xc.o(.text)
    USART3_IRQHandler                        0x08000277   Thumb Code     0  startup_stm32f303xc.o(.text)
    USBWakeUp_IRQHandler                     0x08000277   Thumb Code     0  startup_stm32f303xc.o(.text)
    USBWakeUp_RMP_IRQHandler                 0x08000277   Thumb Code     0  startup_stm32f303xc.o(.text)
    USB_HP_CAN_TX_IRQHandler                 0x08000277   Thumb Code     0  startup_stm32f303xc.o(.text)
    USB_HP_IRQHandler                        0x08000277   Thumb Code     0  startup_stm32f303xc.o(.text)
    USB_LP_CAN_RX0_IRQHandler                0x08000277   Thumb Code     0  startup_stm32f303xc.o(.text)
    USB_LP_IRQHandler                        0x08000277   Thumb Code     0  startup_stm32f303xc.o(.text)
    WWDG_IRQHandler                          0x08000277   Thumb Code     0  startup_stm32f303xc.o(.text)
    __aeabi_uldivmod                         0x08000281   Thumb Code    98  uldiv.o(.text)
    __aeabi_llsr                             0x080002e3   Thumb Code    32  llushr.o(.text)
    _ll_ushift_r                             0x080002e3   Thumb Code     0  llushr.o(.text)
    __aeabi_memcpy                           0x08000303   Thumb Code    36  memcpya.o(.text)
    __aeabi_memcpy4                          0x08000303   Thumb Code     0  memcpya.o(.text)
    __aeabi_memcpy8                          0x08000303   Thumb Code     0  memcpya.o(.text)
    __aeabi_memset                           0x08000327   Thumb Code    14  memseta.o(.text)
    __aeabi_memset4                          0x08000327   Thumb Code     0  memseta.o(.text)
    __aeabi_memset8                          0x08000327   Thumb Code     0  memseta.o(.text)
    __aeabi_memclr                           0x08000335   Thumb Code     4  memseta.o(.text)
    __aeabi_memclr4                          0x08000335   Thumb Code     0  memseta.o(.text)
    __aeabi_memclr8                          0x08000335   Thumb Code     0  memseta.o(.text)
    memset                                   0x08000339   Thumb Code    18  memseta.o(.text)
    strncmp                                  0x0800034b   Thumb Code    30  strncmp.o(.text)
    __aeabi_llsl                             0x08000369   Thumb Code    30  llshl.o(.text)
    _ll_shift_l                              0x08000369   Thumb Code     0  llshl.o(.text)
    __scatterload                            0x08000389   Thumb Code    28  init.o(.text)
    __scatterload_rt2                        0x08000389   Thumb Code     0  init.o(.text)
    BusFault_Handler                         0x080003ad   Thumb Code     2  stm32f3xx_it.o(i.BusFault_Handler)
    DMA1_Channel4_IRQHandler                 0x080003b1   Thumb Code     6  stm32f3xx_it.o(i.DMA1_Channel4_IRQHandler)
    DebugMon_Handler                         0x08000423   Thumb Code     2  stm32f3xx_it.o(i.DebugMon_Handler)
    Error_Handler                            0x08000425   Thumb Code     2  main.o(i.Error_Handler)
    HAL_DMA_Abort_IT                         0x08000427   Thumb Code    74  stm32f3xx_hal_dma.o(i.HAL_DMA_Abort_IT)
    HAL_DMA_IRQHandler                       0x08000471   Thumb Code   168  stm32f3xx_hal_dma.o(i.HAL_DMA_IRQHandler)
    HAL_DMA_Init                             0x08000519   Thumb Code    78  stm32f3xx_hal_dma.o(i.HAL_DMA_Init)
    HAL_DMA_Start_IT                         0x08000567   Thumb Code   112  stm32f3xx_hal_dma.o(i.HAL_DMA_Start_IT)
    HAL_GPIO_Init                            0x080005d9   Thumb Code   364  stm32f3xx_hal_gpio.o(i.HAL_GPIO_Init)
    HAL_GPIO_ReadPin                         0x08000761   Thumb Code    10  stm32f3xx_hal_gpio.o(i.HAL_GPIO_ReadPin)
    HAL_GPIO_TogglePin                       0x0800076b   Thumb Code    12  stm32f3xx_hal_gpio.o(i.HAL_GPIO_TogglePin)
    HAL_GPIO_WritePin                        0x08000777   Thumb Code    10  stm32f3xx_hal_gpio.o(i.HAL_GPIO_WritePin)
    HAL_GetTick                              0x08000781   Thumb Code     6  stm32f3xx_hal.o(i.HAL_GetTick)
    HAL_IncTick                              0x0800078d   Thumb Code    12  stm32f3xx_hal.o(i.HAL_IncTick)
    HAL_Init                                 0x0800079d   Thumb Code    32  stm32f3xx_hal.o(i.HAL_Init)
    HAL_InitTick                             0x080007c1   Thumb Code   100  stm32f3xx_hal_timebase_tim.o(i.HAL_InitTick)
    HAL_MspInit                              0x08000835   Thumb Code    48  stm32f3xx_hal_msp.o(i.HAL_MspInit)
    HAL_NVIC_EnableIRQ                       0x08000869   Thumb Code    26  stm32f3xx_hal_cortex.o(i.HAL_NVIC_EnableIRQ)
    HAL_NVIC_SetPriority                     0x08000885   Thumb Code    60  stm32f3xx_hal_cortex.o(i.HAL_NVIC_SetPriority)
    HAL_NVIC_SetPriorityGrouping             0x080008c5   Thumb Code    26  stm32f3xx_hal_cortex.o(i.HAL_NVIC_SetPriorityGrouping)
    HAL_RCCEx_PeriphCLKConfig                0x080008e9   Thumb Code   522  stm32f3xx_hal_rcc_ex.o(i.HAL_RCCEx_PeriphCLKConfig)
    HAL_RCC_ClockConfig                      0x08000b01   Thumb Code   308  stm32f3xx_hal_rcc.o(i.HAL_RCC_ClockConfig)
    HAL_RCC_GetClockConfig                   0x08000c49   Thumb Code    54  stm32f3xx_hal_rcc.o(i.HAL_RCC_GetClockConfig)
    HAL_RCC_GetPCLK1Freq                     0x08000c89   Thumb Code    34  stm32f3xx_hal_rcc.o(i.HAL_RCC_GetPCLK1Freq)
    HAL_RCC_GetPCLK2Freq                     0x08000cb9   Thumb Code    34  stm32f3xx_hal_rcc.o(i.HAL_RCC_GetPCLK2Freq)
    HAL_RCC_GetSysClockFreq                  0x08000ce9   Thumb Code    92  stm32f3xx_hal_rcc.o(i.HAL_RCC_GetSysClockFreq)
    HAL_RCC_OscConfig                        0x08000d55   Thumb Code  1480  stm32f3xx_hal_rcc.o(i.HAL_RCC_OscConfig)
    HAL_TIMEx_Break2Callback                 0x0800131d   Thumb Code     2  stm32f3xx_hal_tim_ex.o(i.HAL_TIMEx_Break2Callback)
    HAL_TIMEx_BreakCallback                  0x0800131f   Thumb Code     2  stm32f3xx_hal_tim_ex.o(i.HAL_TIMEx_BreakCallback)
    HAL_TIMEx_CommutCallback                 0x08001321   Thumb Code     2  stm32f3xx_hal_tim_ex.o(i.HAL_TIMEx_CommutCallback)
    HAL_TIM_Base_Init                        0x08001323   Thumb Code    54  stm32f3xx_hal_tim.o(i.HAL_TIM_Base_Init)
    HAL_TIM_Base_MspInit                     0x08001359   Thumb Code     2  stm32f3xx_hal_tim.o(i.HAL_TIM_Base_MspInit)
    HAL_TIM_Base_Start_IT                    0x0800135d   Thumb Code    40  stm32f3xx_hal_tim.o(i.HAL_TIM_Base_Start_IT)
    HAL_TIM_IC_CaptureCallback               0x08001389   Thumb Code     2  stm32f3xx_hal_tim.o(i.HAL_TIM_IC_CaptureCallback)
    HAL_TIM_IRQHandler                       0x0800138b   Thumb Code   388  stm32f3xx_hal_tim.o(i.HAL_TIM_IRQHandler)
    HAL_TIM_OC_DelayElapsedCallback          0x0800150f   Thumb Code     2  stm32f3xx_hal_tim.o(i.HAL_TIM_OC_DelayElapsedCallback)
    HAL_TIM_PWM_PulseFinishedCallback        0x08001511   Thumb Code     2  stm32f3xx_hal_tim.o(i.HAL_TIM_PWM_PulseFinishedCallback)
    HAL_TIM_PeriodElapsedCallback            0x08001515   Thumb Code    14  main.o(i.HAL_TIM_PeriodElapsedCallback)
    HAL_TIM_TriggerCallback                  0x08001529   Thumb Code     2  stm32f3xx_hal_tim.o(i.HAL_TIM_TriggerCallback)
    HAL_UARTEx_WakeupCallback                0x0800152b   Thumb Code     2  stm32f3xx_hal_uart_ex.o(i.HAL_UARTEx_WakeupCallback)
    HAL_UART_ErrorCallback                   0x0800152d   Thumb Code     2  stm32f3xx_hal_uart.o(i.HAL_UART_ErrorCallback)
    HAL_UART_IRQHandler                      0x08001531   Thumb Code   348  stm32f3xx_hal_uart.o(i.HAL_UART_IRQHandler)
    HAL_UART_Init                            0x08001691   Thumb Code   102  stm32f3xx_hal_uart.o(i.HAL_UART_Init)
    HAL_UART_MspInit                         0x080016f9   Thumb Code   144  stm32f3xx_hal_msp.o(i.HAL_UART_MspInit)
    HAL_UART_Transmit_DMA                    0x0800179d   Thumb Code   132  stm32f3xx_hal_uart.o(i.HAL_UART_Transmit_DMA)
    HAL_UART_TxCpltCallback                  0x0800182d   Thumb Code     2  stm32f3xx_hal_uart.o(i.HAL_UART_TxCpltCallback)
    HAL_UART_TxHalfCpltCallback              0x0800182f   Thumb Code     2  stm32f3xx_hal_uart.o(i.HAL_UART_TxHalfCpltCallback)
    HardFault_Handler                        0x08001831   Thumb Code     2  stm32f3xx_it.o(i.HardFault_Handler)
    MemManage_Handler                        0x080018f1   Thumb Code     2  stm32f3xx_it.o(i.MemManage_Handler)
    NMI_Handler                              0x080018f3   Thumb Code     2  stm32f3xx_it.o(i.NMI_Handler)
    StartDefaultTask                         0x080018f5   Thumb Code    54  main.o(i.StartDefaultTask)
    StartT2_GreenLed                         0x08001939   Thumb Code    26  main.o(i.StartT2_GreenLed)
    StartT3_PushButton                       0x08001959   Thumb Code    90  main.o(i.StartT3_PushButton)
    StartT4_OrangeLed                        0x080019c5   Thumb Code    22  main.o(i.StartT4_OrangeLed)
    SysTick_Handler                          0x080019e1   Thumb Code    10  cmsis_os2.o(i.SysTick_Handler)
    SystemClock_Config                       0x080019eb   Thumb Code    96  main.o(i.SystemClock_Config)
    SystemInit                               0x08001a4d   Thumb Code    22  system_stm32f3xx.o(i.SystemInit)
    TIM7_IRQHandler                          0x08001a69   Thumb Code     6  stm32f3xx_it.o(i.TIM7_IRQHandler)
    TIM_Base_SetConfig                       0x08001a75   Thumb Code   146  stm32f3xx_hal_tim.o(i.TIM_Base_SetConfig)
    UART_AdvFeatureConfig                    0x08001b37   Thumb Code   200  stm32f3xx_hal_uart.o(i.UART_AdvFeatureConfig)
    UART_CheckIdleState                      0x08001bff   Thumb Code    88  stm32f3xx_hal_uart.o(i.UART_CheckIdleState)
    UART_SetConfig                           0x08001d19   Thumb Code   454  stm32f3xx_hal_uart.o(i.UART_SetConfig)
    UART_WaitOnFlagUntilTimeout              0x08001f01   Thumb Code   164  stm32f3xx_hal_uart.o(i.UART_WaitOnFlagUntilTimeout)
    USART1_IRQHandler                        0x08001fa5   Thumb Code    34  stm32f3xx_it.o(i.USART1_IRQHandler)
    UsageFault_Handler                       0x08001fd9   Thumb Code     2  stm32f3xx_it.o(i.UsageFault_Handler)
    __scatterload_copy                       0x08001ffb   Thumb Code    14  handlers.o(i.__scatterload_copy)
    __scatterload_null                       0x08002009   Thumb Code     2  handlers.o(i.__scatterload_null)
    __scatterload_zeroinit                   0x0800200b   Thumb Code    14  handlers.o(i.__scatterload_zeroinit)
    main                                     0x08002019   Thumb Code   164  main.o(i.main)
    osDelay                                  0x080020d9   Thumb Code    46  cmsis_os2.o(i.osDelay)
    osKernelInitialize                       0x0800210d   Thumb Code    50  cmsis_os2.o(i.osKernelInitialize)
    osKernelStart                            0x08002145   Thumb Code    58  cmsis_os2.o(i.osKernelStart)
    osThreadNew                              0x08002185   Thumb Code   160  cmsis_os2.o(i.osThreadNew)
    prvAddTaskToStackMonitor                 0x080023e5   Thumb Code    42  trckernelport.o(i.prvAddTaskToStackMonitor)
    prvMarkObjectAsUsed                      0x08002865   Thumb Code    26  trcsnapshotrecorder.o(i.prvMarkObjectAsUsed)
    prvRemoveTaskFromStackMonitor            0x08002a05   Thumb Code    34  trckernelport.o(i.prvRemoveTaskFromStackMonitor)
    prvReportStackUsage                      0x08002a2d   Thumb Code    96  trckernelport.o(i.prvReportStackUsage)
    prvTraceError                            0x08002d01   Thumb Code    50  trcsnapshotrecorder.o(i.prvTraceError)
    prvTraceFreeObjectHandle                 0x08002d39   Thumb Code    72  trcsnapshotrecorder.o(i.prvTraceFreeObjectHandle)
    prvTraceGetCurrentTaskHandle             0x08002e91   Thumb Code     4  trckernelport.o(i.prvTraceGetCurrentTaskHandle)
    prvTraceGetObjectHandle                  0x08002fcd   Thumb Code   140  trcsnapshotrecorder.o(i.prvTraceGetObjectHandle)
    prvTraceGetPriorityProperty              0x0800316d   Thumb Code    62  trcsnapshotrecorder.o(i.prvTraceGetPriorityProperty)
    prvTraceGetQueueNumber                   0x080031f5   Thumb Code     4  trckernelport.o(i.prvTraceGetQueueNumber)
    prvTraceGetQueueNumberHigh16             0x080031f9   Thumb Code    10  trckernelport.o(i.prvTraceGetQueueNumberHigh16)
    prvTraceGetQueueNumberLow16              0x08003203   Thumb Code    10  trckernelport.o(i.prvTraceGetQueueNumberLow16)
    prvTraceGetQueueType                     0x0800320d   Thumb Code     4  trckernelport.o(i.prvTraceGetQueueType)
    prvTraceGetTaskNumberHigh16              0x08003211   Thumb Code    10  trckernelport.o(i.prvTraceGetTaskNumberHigh16)
    prvTraceGetTaskNumberLow16               0x0800321b   Thumb Code    10  trckernelport.o(i.prvTraceGetTaskNumberLow16)
    prvTraceInitCortexM                      0x08003225   Thumb Code    54  trcsnapshotrecorder.o(i.prvTraceInitCortexM)
    prvTraceInitTraceData                    0x080032c5   Thumb Code   294  trcsnapshotrecorder.o(i.prvTraceInitTraceData)
    prvTracePortGetTimeStamp                 0x080035f5   Thumb Code    54  trcsnapshotrecorder.o(i.prvTracePortGetTimeStamp)
    prvTraceSetObjectName                    0x08003635   Thumb Code    96  trcsnapshotrecorder.o(i.prvTraceSetObjectName)
    prvTraceSetObjectState                   0x0800372d   Thumb Code    64  trcsnapshotrecorder.o(i.prvTraceSetObjectState)
    prvTraceSetPriorityProperty              0x080037b1   Thumb Code    64  trcsnapshotrecorder.o(i.prvTraceSetPriorityProperty)
    prvTraceSetQueueNumberHigh16             0x08003839   Thumb Code    26  trckernelport.o(i.prvTraceSetQueueNumberHigh16)
    prvTraceSetQueueNumberLow16              0x08003853   Thumb Code    26  trckernelport.o(i.prvTraceSetQueueNumberLow16)
    prvTraceSetTaskInstanceFinished          0x0800386d   Thumb Code    46  trcsnapshotrecorder.o(i.prvTraceSetTaskInstanceFinished)
    prvTraceSetTaskNumberHigh16              0x080038a5   Thumb Code    26  trckernelport.o(i.prvTraceSetTaskNumberHigh16)
    prvTraceSetTaskNumberLow16               0x080038bf   Thumb Code    26  trckernelport.o(i.prvTraceSetTaskNumberLow16)
    prvTraceStoreKernelCall                  0x080038d9   Thumb Code   126  trcsnapshotrecorder.o(i.prvTraceStoreKernelCall)
    prvTraceStoreKernelCallWithNumericParamOnly 0x080039d5   Thumb Code   112  trcsnapshotrecorder.o(i.prvTraceStoreKernelCallWithNumericParamOnly)
    prvTraceStoreKernelCallWithParam         0x08003a85   Thumb Code   142  trcsnapshotrecorder.o(i.prvTraceStoreKernelCallWithParam)
    prvTraceStoreObjectNameOnCloseEvent      0x08003b99   Thumb Code    92  trcsnapshotrecorder.o(i.prvTraceStoreObjectNameOnCloseEvent)
    prvTraceStoreObjectPropertiesOnCloseEvent 0x08003c01   Thumb Code   116  trcsnapshotrecorder.o(i.prvTraceStoreObjectPropertiesOnCloseEvent)
    prvTraceStoreTaskReady                   0x08003c81   Thumb Code   102  trcsnapshotrecorder.o(i.prvTraceStoreTaskReady)
    prvTraceStoreTaskswitch                  0x08003d65   Thumb Code   128  trcsnapshotrecorder.o(i.prvTraceStoreTaskswitch)
    pszTraceGetErrorNotEnoughHandles         0x08003e89   Thumb Code    58  trckernelport.o(i.pszTraceGetErrorNotEnoughHandles)
    pvPortMalloc                             0x08003f19   Thumb Code   230  heap_4.o(i.pvPortMalloc)
    pxPortInitialiseStack                    0x08004005   Thumb Code    40  port.o(i.pxPortInitialiseStack)
    ucQueueGetQueueType                      0x08004031   Thumb Code     6  queue.o(i.ucQueueGetQueueType)
    uiIndexOfObject                          0x08004039   Thumb Code    58  trcsnapshotrecorder.o(i.uiIndexOfObject)
    uiTraceStart                             0x080040f9   Thumb Code   118  trcsnapshotrecorder.o(i.uiTraceStart)
    uxListRemove                             0x08004185   Thumb Code    38  list.o(i.uxListRemove)
    uxQueueGetQueueNumber                    0x080041ab   Thumb Code     4  queue.o(i.uxQueueGetQueueNumber)
    uxTaskGetStackHighWaterMark              0x080041b1   Thumb Code    12  tasks.o(i.uxTaskGetStackHighWaterMark)
    uxTaskGetTaskNumber                      0x080041c1   Thumb Code     8  tasks.o(i.uxTaskGetTaskNumber)
    uxTaskPriorityGet                        0x080041c9   Thumb Code    24  tasks.o(i.uxTaskPriorityGet)
    vApplicationGetIdleTaskMemory            0x080041e5   Thumb Code    16  cmsis_os2.o(i.vApplicationGetIdleTaskMemory)
    vApplicationGetTimerTaskMemory           0x080041f9   Thumb Code    18  cmsis_os2.o(i.vApplicationGetTimerTaskMemory)
    vListInitialise                          0x08004211   Thumb Code    22  list.o(i.vListInitialise)
    vListInitialiseItem                      0x08004227   Thumb Code     6  list.o(i.vListInitialiseItem)
    vListInsert                              0x0800422d   Thumb Code    48  list.o(i.vListInsert)
    vListInsertEnd                           0x0800425d   Thumb Code    24  list.o(i.vListInsertEnd)
    vPortEnterCritical                       0x08004275   Thumb Code    54  port.o(i.vPortEnterCritical)
    vPortExitCritical                        0x080042b5   Thumb Code    34  port.o(i.vPortExitCritical)
    vPortFree                                0x080042dd   Thumb Code    98  heap_4.o(i.vPortFree)
    vPortSetupTimerInterrupt                 0x08004345   Thumb Code    32  port.o(i.vPortSetupTimerInterrupt)
    vPortValidateInterruptPriority           0x08004369   Thumb Code    74  port.o(i.vPortValidateInterruptPriority)
    vQueueAddToRegistry                      0x080043bd   Thumb Code    66  queue.o(i.vQueueAddToRegistry)
    vQueueSetQueueNumber                     0x08004409   Thumb Code     4  queue.o(i.vQueueSetQueueNumber)
    vQueueWaitForMessageRestricted           0x0800440d   Thumb Code    68  queue.o(i.vQueueWaitForMessageRestricted)
    vTaskDelay                               0x08004451   Thumb Code   128  tasks.o(i.vTaskDelay)
    vTaskDelete                              0x080044dd   Thumb Code   278  tasks.o(i.vTaskDelete)
    vTaskInternalSetTimeOutState             0x08004605   Thumb Code    12  tasks.o(i.vTaskInternalSetTimeOutState)
    vTaskMissedYield                         0x08004615   Thumb Code     8  tasks.o(i.vTaskMissedYield)
    vTaskPlaceOnEventList                    0x08004621   Thumb Code    44  tasks.o(i.vTaskPlaceOnEventList)
    vTaskPlaceOnEventListRestricted          0x08004651   Thumb Code   118  tasks.o(i.vTaskPlaceOnEventListRestricted)
    vTaskPrioritySet                         0x080046d1   Thumb Code   260  tasks.o(i.vTaskPrioritySet)
    vTaskSetTaskNumber                       0x080047e5   Thumb Code     8  tasks.o(i.vTaskSetTaskNumber)
    vTaskStartScheduler                      0x080047ed   Thumb Code   118  tasks.o(i.vTaskStartScheduler)
    vTaskSuspendAll                          0x08004875   Thumb Code    10  tasks.o(i.vTaskSuspendAll)
    vTaskSwitchContext                       0x08004885   Thumb Code   128  tasks.o(i.vTaskSwitchContext)
    vTraceEnable                             0x08004915   Thumb Code    70  trckernelport.o(i.vTraceEnable)
    vTraceInitObjectHandleStack              0x080049e5   Thumb Code    94  trckernelport.o(i.vTraceInitObjectHandleStack)
    vTraceInitObjectPropertyTable            0x08004a49   Thumb Code   136  trckernelport.o(i.vTraceInitObjectPropertyTable)
    vTraceStart                              0x08004ad5   Thumb Code     4  trcsnapshotrecorder.o(i.vTraceStart)
    vTraceStop                               0x08004ad9   Thumb Code    20  trcsnapshotrecorder.o(i.vTraceStop)
    vTraceStoreMemMangEvent                  0x08004af1   Thumb Code   166  trcsnapshotrecorder.o(i.vTraceStoreMemMangEvent)
    xPortStartScheduler                      0x08004b9d   Thumb Code   222  port.o(i.xPortStartScheduler)
    xPortSysTickHandler                      0x08004c91   Thumb Code    38  port.o(i.xPortSysTickHandler)
    xQueueGenericCreateStatic                0x08004cbd   Thumb Code   102  queue.o(i.xQueueGenericCreateStatic)
    xQueueGenericReset                       0x08004d25   Thumb Code   132  queue.o(i.xQueueGenericReset)
    xQueueGenericSend                        0x08004dad   Thumb Code   630  queue.o(i.xQueueGenericSend)
    xQueueGenericSendFromISR                 0x08005031   Thumb Code   346  queue.o(i.xQueueGenericSendFromISR)
    xQueueReceive                            0x08005195   Thumb Code   614  queue.o(i.xQueueReceive)
    xTaskCheckForTimeOut                     0x08005409   Thumb Code   112  tasks.o(i.xTaskCheckForTimeOut)
    xTaskCreate                              0x0800547d   Thumb Code    90  tasks.o(i.xTaskCreate)
    xTaskCreateStatic                        0x080054d7   Thumb Code    86  tasks.o(i.xTaskCreateStatic)
    xTaskGetCurrentTaskHandle                0x0800552d   Thumb Code     6  tasks.o(i.xTaskGetCurrentTaskHandle)
    xTaskGetSchedulerState                   0x08005539   Thumb Code    22  tasks.o(i.xTaskGetSchedulerState)
    xTaskGetTickCount                        0x08005555   Thumb Code     6  tasks.o(i.xTaskGetTickCount)
    xTaskIncrementTick                       0x08005561   Thumb Code   254  tasks.o(i.xTaskIncrementTick)
    xTaskPriorityDisinherit                  0x08005671   Thumb Code   212  tasks.o(i.xTaskPriorityDisinherit)
    xTaskRemoveFromEventList                 0x08005751   Thumb Code   124  tasks.o(i.xTaskRemoveFromEventList)
    xTaskResumeAll                           0x080057dd   Thumb Code   206  tasks.o(i.xTaskResumeAll)
    xTimerCreateTimerTask                    0x080058c1   Thumb Code    78  timers.o(i.xTimerCreateTimerTask)
    xTimerGenericCommand                     0x08005921   Thumb Code    98  timers.o(i.xTimerGenericCommand)
    xTraceIsRecordingEnabled                 0x08005989   Thumb Code    12  trcsnapshotrecorder.o(i.xTraceIsRecordingEnabled)
    aPLLMULFactorTable                       0x08005a4c   Data          16  stm32f3xx_hal_rcc.o(.constdata)
    aPredivFactorTable                       0x08005a5c   Data          16  stm32f3xx_hal_rcc.o(.constdata)
    AHBPrescTable                            0x08005a6c   Data          16  system_stm32f3xx.o(.constdata)
    APBPrescTable                            0x08005a7c   Data           8  system_stm32f3xx.o(.constdata)
    Region$$Table$$Base                      0x08006410   Number         0  anon$$obj.o(Region$$Table)
    Region$$Table$$Limit                     0x08006430   Number         0  anon$$obj.o(Region$$Table)
    tasksNotIncluded                         0x20000004   Data           4  trckernelport.o(.data)
    TraceQueueClassTable                     0x2000000c   Data           5  trckernelport.o(.data)
    nISRactive                               0x20000014   Data           1  trcsnapshotrecorder.o(.data)
    handle_of_last_logged_task               0x20000015   Data           1  trcsnapshotrecorder.o(.data)
    CurrentFilterMask                        0x20000018   Data           2  trcsnapshotrecorder.o(.data)
    CurrentFilterGroup                       0x2000001a   Data           2  trcsnapshotrecorder.o(.data)
    isPendingContextSwitch                   0x20000020   Data           4  trcsnapshotrecorder.o(.data)
    trace_disable_timestamp                  0x20000028   Data           4  trcsnapshotrecorder.o(.data)
    recorder_busy                            0x20000030   Data           4  trcsnapshotrecorder.o(.data)
    timestampFrequency                       0x20000034   Data           4  trcsnapshotrecorder.o(.data)
    traceErrorMessage                        0x20000038   Data           4  trcsnapshotrecorder.o(.data)
    vTraceStopHookPtr                        0x2000003c   Data           4  trcsnapshotrecorder.o(.data)
    RecorderDataPtr                          0x20000044   Data           4  trcsnapshotrecorder.o(.data)
    init_hwtc_count                          0x20000058   Data           4  trcsnapshotrecorder.o(.data)
    uiTraceTickCount                         0x20000064   Data           4  trcsnapshotrecorder.o(.data)
    uiTraceSystemState                       0x20000068   Data           4  trcsnapshotrecorder.o(.data)
    len                                      0x2000006c   Data           2  main.o(.data)
    i                                        0x2000006e   Data           2  main.o(.data)
    ulIdleCycleCount                         0x20000070   Data           4  main.o(.data)
    defaultTaskHandle                        0x20000074   Data           4  main.o(.data)
    myT2_GreenLedHandle                      0x20000078   Data           4  main.o(.data)
    myT3_PushButtonHandle                    0x2000007c   Data           4  main.o(.data)
    myT4_OrangeLedHandle                     0x20000080   Data           4  main.o(.data)
    uwTickFreq                               0x20000084   Data           1  stm32f3xx_hal.o(.data)
    uwTickPrio                               0x20000088   Data           4  stm32f3xx_hal.o(.data)
    uwTick                                   0x2000008c   Data           4  stm32f3xx_hal.o(.data)
    SystemCoreClock                          0x20000090   Data           4  system_stm32f3xx.o(.data)
    pxCurrentTCB                             0x20000094   Data           4  tasks.o(.data)
    tasksInStackMonitor                      0x2000010c   Data          80  trckernelport.o(.bss)
    objectHandleStacks                       0x200005b8   Data         142  trcsnapshotrecorder.o(.bss)
    RecorderData                             0x20000648   Data        6424  trcsnapshotrecorder.o(.bss)
    buffTx                                   0x20001f60   Data         256  main.o(.bss)
    huart1                                   0x20002060   Data         128  main.o(.bss)
    hdma_usart1_tx                           0x200020e0   Data          68  main.o(.bss)
    htim7                                    0x20002124   Data          64  stm32f3xx_hal_timebase_tim.o(.bss)
    xQueueRegistry                           0x20002164   Data          64  queue.o(.bss)
    __initial_sp                             0x20003e38   Data           0  startup_stm32f303xc.o(STACK)



==============================================================================

Memory Map of the image

  Image Entry point : 0x08000189

  Load Region LR_IROM1 (Base: 0x08000000, Size: 0x0000653c, Max: 0x00040000, ABSOLUTE)

    Execution Region ER_IROM1 (Exec base: 0x08000000, Load base: 0x08000000, Size: 0x00006430, Max: 0x00040000, ABSOLUTE)

    Exec Addr    Load Addr    Size         Type   Attr      Idx    E Section Name        Object

    0x08000000   0x08000000   0x00000188   Data   RO            3    RESET               startup_stm32f303xc.o
    0x08000188   0x08000188   0x00000000   Code   RO         5895  * .ARM.Collect$$$$00000000  mc_w.l(entry.o)
    0x08000188   0x08000188   0x00000004   Code   RO         5918    .ARM.Collect$$$$00000001  mc_w.l(entry2.o)
    0x0800018c   0x0800018c   0x00000004   Code   RO         5921    .ARM.Collect$$$$00000004  mc_w.l(entry5.o)
    0x08000190   0x08000190   0x00000000   Code   RO         5923    .ARM.Collect$$$$00000008  mc_w.l(entry7b.o)
    0x08000190   0x08000190   0x00000000   Code   RO         5925    .ARM.Collect$$$$0000000A  mc_w.l(entry8b.o)
    0x08000190   0x08000190   0x00000008   Code   RO         5926    .ARM.Collect$$$$0000000B  mc_w.l(entry9a.o)
    0x08000198   0x08000198   0x00000000   Code   RO         5928    .ARM.Collect$$$$0000000D  mc_w.l(entry10a.o)
    0x08000198   0x08000198   0x00000000   Code   RO         5930    .ARM.Collect$$$$0000000F  mc_w.l(entry11a.o)
    0x08000198   0x08000198   0x00000004   Code   RO         5919    .ARM.Collect$$$$00002712  mc_w.l(entry2.o)
    0x0800019c   0x0800019c   0x000000be   Code   RO         5809    .emb_text           port.o
    0x0800025a   0x0800025a   0x00000002   PAD
    0x0800025c   0x0800025c   0x00000024   Code   RO            4    .text               startup_stm32f303xc.o
    0x08000280   0x08000280   0x00000062   Code   RO         5898    .text               mc_w.l(uldiv.o)
    0x080002e2   0x080002e2   0x00000020   Code   RO         5900    .text               mc_w.l(llushr.o)
    0x08000302   0x08000302   0x00000024   Code   RO         5902    .text               mc_w.l(memcpya.o)
    0x08000326   0x08000326   0x00000024   Code   RO         5906    .text               mc_w.l(memseta.o)
    0x0800034a   0x0800034a   0x0000001e   Code   RO         5912    .text               mc_w.l(strncmp.o)
    0x08000368   0x08000368   0x0000001e   Code   RO         5932    .text               mc_w.l(llshl.o)
    0x08000386   0x08000386   0x00000002   PAD
    0x08000388   0x08000388   0x00000024   Code   RO         5935    .text               mc_w.l(init.o)
    0x080003ac   0x080003ac   0x00000002   Code   RO         1054    i.BusFault_Handler  stm32f3xx_it.o
    0x080003ae   0x080003ae   0x00000002   PAD
    0x080003b0   0x080003b0   0x0000000c   Code   RO         1055    i.DMA1_Channel4_IRQHandler  stm32f3xx_it.o
    0x080003bc   0x080003bc   0x0000003c   Code   RO         1593    i.DMA_CalcBaseAndBitshift  stm32f3xx_hal_dma.o
    0x080003f8   0x080003f8   0x0000002a   Code   RO         1594    i.DMA_SetConfig     stm32f3xx_hal_dma.o
    0x08000422   0x08000422   0x00000002   Code   RO         1056    i.DebugMon_Handler  stm32f3xx_it.o
    0x08000424   0x08000424   0x00000002   Code   RO          938    i.Error_Handler     main.o
    0x08000426   0x08000426   0x0000004a   Code   RO         1596    i.HAL_DMA_Abort_IT  stm32f3xx_hal_dma.o
    0x08000470   0x08000470   0x000000a8   Code   RO         1600    i.HAL_DMA_IRQHandler  stm32f3xx_hal_dma.o
    0x08000518   0x08000518   0x0000004e   Code   RO         1601    i.HAL_DMA_Init      stm32f3xx_hal_dma.o
    0x08000566   0x08000566   0x00000070   Code   RO         1605    i.HAL_DMA_Start_IT  stm32f3xx_hal_dma.o
    0x080005d6   0x080005d6   0x00000002   PAD
    0x080005d8   0x080005d8   0x00000188   Code   RO         1530    i.HAL_GPIO_Init     stm32f3xx_hal_gpio.o
    0x08000760   0x08000760   0x0000000a   Code   RO         1532    i.HAL_GPIO_ReadPin  stm32f3xx_hal_gpio.o
    0x0800076a   0x0800076a   0x0000000c   Code   RO         1533    i.HAL_GPIO_TogglePin  stm32f3xx_hal_gpio.o
    0x08000776   0x08000776   0x0000000a   Code   RO         1534    i.HAL_GPIO_WritePin  stm32f3xx_hal_gpio.o
    0x08000780   0x08000780   0x0000000c   Code   RO         1217    i.HAL_GetTick       stm32f3xx_hal.o
    0x0800078c   0x0800078c   0x00000010   Code   RO         1223    i.HAL_IncTick       stm32f3xx_hal.o
    0x0800079c   0x0800079c   0x00000024   Code   RO         1224    i.HAL_Init          stm32f3xx_hal.o
    0x080007c0   0x080007c0   0x00000074   Code   RO         1167    i.HAL_InitTick      stm32f3xx_hal_timebase_tim.o
    0x08000834   0x08000834   0x00000034   Code   RO         1130    i.HAL_MspInit       stm32f3xx_hal_msp.o
    0x08000868   0x08000868   0x0000001a   Code   RO         1698    i.HAL_NVIC_EnableIRQ  stm32f3xx_hal_cortex.o
    0x08000882   0x08000882   0x00000002   PAD
    0x08000884   0x08000884   0x00000040   Code   RO         1704    i.HAL_NVIC_SetPriority  stm32f3xx_hal_cortex.o
    0x080008c4   0x080008c4   0x00000024   Code   RO         1705    i.HAL_NVIC_SetPriorityGrouping  stm32f3xx_hal_cortex.o
    0x080008e8   0x080008e8   0x00000218   Code   RO         1487    i.HAL_RCCEx_PeriphCLKConfig  stm32f3xx_hal_rcc_ex.o
    0x08000b00   0x08000b00   0x00000148   Code   RO         1381    i.HAL_RCC_ClockConfig  stm32f3xx_hal_rcc.o
    0x08000c48   0x08000c48   0x00000040   Code   RO         1385    i.HAL_RCC_GetClockConfig  stm32f3xx_hal_rcc.o
    0x08000c88   0x08000c88   0x00000030   Code   RO         1388    i.HAL_RCC_GetPCLK1Freq  stm32f3xx_hal_rcc.o
    0x08000cb8   0x08000cb8   0x00000030   Code   RO         1389    i.HAL_RCC_GetPCLK2Freq  stm32f3xx_hal_rcc.o
    0x08000ce8   0x08000ce8   0x0000006c   Code   RO         1390    i.HAL_RCC_GetSysClockFreq  stm32f3xx_hal_rcc.o
    0x08000d54   0x08000d54   0x000005c8   Code   RO         1393    i.HAL_RCC_OscConfig  stm32f3xx_hal_rcc.o
    0x0800131c   0x0800131c   0x00000002   Code   RO         3436    i.HAL_TIMEx_Break2Callback  stm32f3xx_hal_tim_ex.o
    0x0800131e   0x0800131e   0x00000002   Code   RO         3437    i.HAL_TIMEx_BreakCallback  stm32f3xx_hal_tim_ex.o
    0x08001320   0x08001320   0x00000002   Code   RO         3438    i.HAL_TIMEx_CommutCallback  stm32f3xx_hal_tim_ex.o
    0x08001322   0x08001322   0x00000036   Code   RO         2739    i.HAL_TIM_Base_Init  stm32f3xx_hal_tim.o
    0x08001358   0x08001358   0x00000002   Code   RO         2741    i.HAL_TIM_Base_MspInit  stm32f3xx_hal_tim.o
    0x0800135a   0x0800135a   0x00000002   PAD
    0x0800135c   0x0800135c   0x0000002c   Code   RO         2744    i.HAL_TIM_Base_Start_IT  stm32f3xx_hal_tim.o
    0x08001388   0x08001388   0x00000002   Code   RO         2770    i.HAL_TIM_IC_CaptureCallback  stm32f3xx_hal_tim.o
    0x0800138a   0x0800138a   0x00000184   Code   RO         2784    i.HAL_TIM_IRQHandler  stm32f3xx_hal_tim.o
    0x0800150e   0x0800150e   0x00000002   Code   RO         2787    i.HAL_TIM_OC_DelayElapsedCallback  stm32f3xx_hal_tim.o
    0x08001510   0x08001510   0x00000002   Code   RO         2814    i.HAL_TIM_PWM_PulseFinishedCallback  stm32f3xx_hal_tim.o
    0x08001512   0x08001512   0x00000002   PAD
    0x08001514   0x08001514   0x00000014   Code   RO          939    i.HAL_TIM_PeriodElapsedCallback  main.o
    0x08001528   0x08001528   0x00000002   Code   RO         2827    i.HAL_TIM_TriggerCallback  stm32f3xx_hal_tim.o
    0x0800152a   0x0800152a   0x00000002   Code   RO         4078    i.HAL_UARTEx_WakeupCallback  stm32f3xx_hal_uart_ex.o
    0x0800152c   0x0800152c   0x00000002   Code   RO         3723    i.HAL_UART_ErrorCallback  stm32f3xx_hal_uart.o
    0x0800152e   0x0800152e   0x00000002   PAD
    0x08001530   0x08001530   0x00000160   Code   RO         3726    i.HAL_UART_IRQHandler  stm32f3xx_hal_uart.o
    0x08001690   0x08001690   0x00000066   Code   RO         3727    i.HAL_UART_Init     stm32f3xx_hal_uart.o
    0x080016f6   0x080016f6   0x00000002   PAD
    0x080016f8   0x080016f8   0x000000a4   Code   RO         1132    i.HAL_UART_MspInit  stm32f3xx_hal_msp.o
    0x0800179c   0x0800179c   0x00000090   Code   RO         3737    i.HAL_UART_Transmit_DMA  stm32f3xx_hal_uart.o
    0x0800182c   0x0800182c   0x00000002   Code   RO         3739    i.HAL_UART_TxCpltCallback  stm32f3xx_hal_uart.o
    0x0800182e   0x0800182e   0x00000002   Code   RO         3740    i.HAL_UART_TxHalfCpltCallback  stm32f3xx_hal_uart.o
    0x08001830   0x08001830   0x00000002   Code   RO         1057    i.HardFault_Handler  stm32f3xx_it.o
    0x08001832   0x08001832   0x00000002   PAD
    0x08001834   0x08001834   0x00000090   Code   RO          940    i.MX_GPIO_Init      main.o
    0x080018c4   0x080018c4   0x0000002c   Code   RO          941    i.MX_USART1_UART_Init  main.o
    0x080018f0   0x080018f0   0x00000002   Code   RO         1058    i.MemManage_Handler  stm32f3xx_it.o
    0x080018f2   0x080018f2   0x00000002   Code   RO         1059    i.NMI_Handler       stm32f3xx_it.o
    0x080018f4   0x080018f4   0x00000044   Code   RO          942    i.StartDefaultTask  main.o
    0x08001938   0x08001938   0x00000020   Code   RO          943    i.StartT2_GreenLed  main.o
    0x08001958   0x08001958   0x0000006c   Code   RO          944    i.StartT3_PushButton  main.o
    0x080019c4   0x080019c4   0x0000001c   Code   RO          945    i.StartT4_OrangeLed  main.o
    0x080019e0   0x080019e0   0x0000000a   Code   RO         5317    i.SysTick_Handler   cmsis_os2.o
    0x080019ea   0x080019ea   0x00000060   Code   RO          946    i.SystemClock_Config  main.o
    0x08001a4a   0x08001a4a   0x00000002   PAD
    0x08001a4c   0x08001a4c   0x0000001c   Code   RO         4128    i.SystemInit        system_stm32f3xx.o
    0x08001a68   0x08001a68   0x0000000c   Code   RO         1060    i.TIM7_IRQHandler   stm32f3xx_it.o
    0x08001a74   0x08001a74   0x000000b0   Code   RO         2829    i.TIM_Base_SetConfig  stm32f3xx_hal_tim.o
    0x08001b24   0x08001b24   0x00000012   Code   RO          189    i.TzCtrl            trckernelport.o
    0x08001b36   0x08001b36   0x000000c8   Code   RO         3741    i.UART_AdvFeatureConfig  stm32f3xx_hal_uart.o
    0x08001bfe   0x08001bfe   0x00000058   Code   RO         3742    i.UART_CheckIdleState  stm32f3xx_hal_uart.o
    0x08001c56   0x08001c56   0x00000014   Code   RO         3743    i.UART_DMAAbortOnError  stm32f3xx_hal_uart.o
    0x08001c6a   0x08001c6a   0x00000048   Code   RO         3744    i.UART_DMAError     stm32f3xx_hal_uart.o
    0x08001cb2   0x08001cb2   0x0000002e   Code   RO         3749    i.UART_DMATransmitCplt  stm32f3xx_hal_uart.o
    0x08001ce0   0x08001ce0   0x0000000a   Code   RO         3751    i.UART_DMATxHalfCplt  stm32f3xx_hal_uart.o
    0x08001cea   0x08001cea   0x0000001e   Code   RO         3753    i.UART_EndRxTransfer  stm32f3xx_hal_uart.o
    0x08001d08   0x08001d08   0x00000010   Code   RO         3754    i.UART_EndTxTransfer  stm32f3xx_hal_uart.o
    0x08001d18   0x08001d18   0x000001e8   Code   RO         3757    i.UART_SetConfig    stm32f3xx_hal_uart.o
    0x08001f00   0x08001f00   0x000000a4   Code   RO         3760    i.UART_WaitOnFlagUntilTimeout  stm32f3xx_hal_uart.o
    0x08001fa4   0x08001fa4   0x00000034   Code   RO         1061    i.USART1_IRQHandler  stm32f3xx_it.o
    0x08001fd8   0x08001fd8   0x00000002   Code   RO         1062    i.UsageFault_Handler  stm32f3xx_it.o
    0x08001fda   0x08001fda   0x00000020   Code   RO         1711    i.__NVIC_SetPriority  stm32f3xx_hal_cortex.o
    0x08001ffa   0x08001ffa   0x0000000e   Code   RO         5939    i.__scatterload_copy  mc_w.l(handlers.o)
    0x08002008   0x08002008   0x00000002   Code   RO         5940    i.__scatterload_null  mc_w.l(handlers.o)
    0x0800200a   0x0800200a   0x0000000e   Code   RO         5941    i.__scatterload_zeroinit  mc_w.l(handlers.o)
    0x08002018   0x08002018   0x000000c0   Code   RO          947    i.main              main.o
    0x080020d8   0x080020d8   0x00000034   Code   RO         5319    i.osDelay           cmsis_os2.o
    0x0800210c   0x0800210c   0x00000038   Code   RO         5333    i.osKernelInitialize  cmsis_os2.o
    0x08002144   0x08002144   0x00000040   Code   RO         5336    i.osKernelStart     cmsis_os2.o
    0x08002184   0x08002184   0x000000a4   Code   RO         5370    i.osThreadNew       cmsis_os2.o
    0x08002228   0x08002228   0x0000005c   Code   RO         4793    i.prvAddCurrentTaskToDelayedList  tasks.o
    0x08002284   0x08002284   0x00000160   Code   RO         4794    i.prvAddNewTaskToReadyList  tasks.o
    0x080023e4   0x080023e4   0x00000034   Code   RO          190    i.prvAddTaskToStackMonitor  trckernelport.o
    0x08002418   0x08002418   0x00000080   Code   RO          499    i.prvCheckDataToBeOverwrittenForMultiEntryEvents  trcsnapshotrecorder.o
    0x08002498   0x08002498   0x00000058   Code   RO         5155    i.prvCheckForValidListAndQueue  timers.o
    0x080024f0   0x080024f0   0x00000026   Code   RO         4373    i.prvCopyDataFromQueue  queue.o
    0x08002516   0x08002516   0x0000006c   Code   RO         4374    i.prvCopyDataToQueue  queue.o
    0x08002582   0x08002582   0x00000034   Code   RO         4795    i.prvDeleteTCB      tasks.o
    0x080025b6   0x080025b6   0x00000002   PAD
    0x080025b8   0x080025b8   0x0000004c   Code   RO         5748    i.prvHeapInit       heap_4.o
    0x08002604   0x08002604   0x00000060   Code   RO         4796    i.prvIdleTask       tasks.o
    0x08002664   0x08002664   0x000000c4   Code   RO         4376    i.prvInitialiseNewQueue  queue.o
    0x08002728   0x08002728   0x0000009c   Code   RO         4797    i.prvInitialiseNewTask  tasks.o
    0x080027c4   0x080027c4   0x0000004c   Code   RO         5749    i.prvInsertBlockIntoFreeList  heap_4.o
    0x08002810   0x08002810   0x00000038   Code   RO         5157    i.prvInsertTimerInActiveList  timers.o
    0x08002848   0x08002848   0x0000001c   Code   RO         4377    i.prvIsQueueEmpty   queue.o
    0x08002864   0x08002864   0x00000020   Code   RO          500    i.prvMarkObjectAsUsed  trcsnapshotrecorder.o
    0x08002884   0x08002884   0x000000cc   Code   RO         5158    i.prvProcessReceivedCommands  timers.o
    0x08002950   0x08002950   0x000000b4   Code   RO         5159    i.prvProcessTimerOrBlockTask  timers.o
    0x08002a04   0x08002a04   0x00000028   Code   RO          191    i.prvRemoveTaskFromStackMonitor  trckernelport.o
    0x08002a2c   0x08002a2c   0x00000068   Code   RO          192    i.prvReportStackUsage  trckernelport.o
    0x08002a94   0x08002a94   0x00000020   Code   RO         4799    i.prvResetNextTaskUnblockTime  tasks.o
    0x08002ab4   0x08002ab4   0x00000028   Code   RO         5160    i.prvSampleTimeNow  timers.o
    0x08002adc   0x08002adc   0x00000018   Code   RO          501    i.prvStrncpy        trcsnapshotrecorder.o
    0x08002af4   0x08002af4   0x0000006c   Code   RO         5161    i.prvSwitchTimerLists  timers.o
    0x08002b60   0x08002b60   0x00000014   Code   RO         4800    i.prvTaskCheckFreeStackSpace  tasks.o
    0x08002b74   0x08002b74   0x00000028   Code   RO         5810    i.prvTaskExitError  port.o
    0x08002b9c   0x08002b9c   0x00000024   Code   RO         5162    i.prvTimerTask      timers.o
    0x08002bc0   0x08002bc0   0x00000140   Code   RO          502    i.prvTraceCreateSymbolTableEntry  trcsnapshotrecorder.o
    0x08002d00   0x08002d00   0x00000038   Code   RO          503    i.prvTraceError     trcsnapshotrecorder.o
    0x08002d38   0x08002d38   0x00000088   Code   RO          504    i.prvTraceFreeObjectHandle  trcsnapshotrecorder.o
    0x08002dc0   0x08002dc0   0x000000d0   Code   RO          505    i.prvTraceGetChecksum  trcsnapshotrecorder.o
    0x08002e90   0x08002e90   0x00000004   Code   RO          193    i.prvTraceGetCurrentTaskHandle  trckernelport.o
    0x08002e94   0x08002e94   0x00000138   Code   RO          506    i.prvTraceGetDTS    trcsnapshotrecorder.o
    0x08002fcc   0x08002fcc   0x0000009c   Code   RO          507    i.prvTraceGetObjectHandle  trcsnapshotrecorder.o
    0x08003068   0x08003068   0x00000084   Code   RO          508    i.prvTraceGetObjectState  trcsnapshotrecorder.o
    0x080030ec   0x080030ec   0x00000080   Code   RO          509    i.prvTraceGetParam  trcsnapshotrecorder.o
    0x0800316c   0x0800316c   0x00000088   Code   RO          510    i.prvTraceGetPriorityProperty  trcsnapshotrecorder.o
    0x080031f4   0x080031f4   0x00000004   Code   RO          194    i.prvTraceGetQueueNumber  trckernelport.o
    0x080031f8   0x080031f8   0x0000000a   Code   RO          195    i.prvTraceGetQueueNumberHigh16  trckernelport.o
    0x08003202   0x08003202   0x0000000a   Code   RO          196    i.prvTraceGetQueueNumberLow16  trckernelport.o
    0x0800320c   0x0800320c   0x00000004   Code   RO          197    i.prvTraceGetQueueType  trckernelport.o
    0x08003210   0x08003210   0x0000000a   Code   RO          198    i.prvTraceGetTaskNumberHigh16  trckernelport.o
    0x0800321a   0x0800321a   0x0000000a   Code   RO          199    i.prvTraceGetTaskNumberLow16  trckernelport.o
    0x08003224   0x08003224   0x000000a0   Code   RO          511    i.prvTraceInitCortexM  trcsnapshotrecorder.o
    0x080032c4   0x080032c4   0x00000148   Code   RO          512    i.prvTraceInitTraceData  trcsnapshotrecorder.o
    0x0800340c   0x0800340c   0x000000f0   Code   RO          513    i.prvTraceLookupSymbolTableEntry  trcsnapshotrecorder.o
    0x080034fc   0x080034fc   0x00000054   Code   RO          514    i.prvTraceNextFreeEventBufferSlot  trcsnapshotrecorder.o
    0x08003550   0x08003550   0x000000a4   Code   RO          515    i.prvTraceOpenSymbol  trcsnapshotrecorder.o
    0x080035f4   0x080035f4   0x00000040   Code   RO          516    i.prvTracePortGetTimeStamp  trcsnapshotrecorder.o
    0x08003634   0x08003634   0x000000f8   Code   RO          517    i.prvTraceSetObjectName  trcsnapshotrecorder.o
    0x0800372c   0x0800372c   0x00000084   Code   RO          518    i.prvTraceSetObjectState  trcsnapshotrecorder.o
    0x080037b0   0x080037b0   0x00000088   Code   RO          519    i.prvTraceSetPriorityProperty  trcsnapshotrecorder.o
    0x08003838   0x08003838   0x0000001a   Code   RO          201    i.prvTraceSetQueueNumberHigh16  trckernelport.o
    0x08003852   0x08003852   0x0000001a   Code   RO          202    i.prvTraceSetQueueNumberLow16  trckernelport.o
    0x0800386c   0x0800386c   0x00000038   Code   RO          521    i.prvTraceSetTaskInstanceFinished  trcsnapshotrecorder.o
    0x080038a4   0x080038a4   0x0000001a   Code   RO          203    i.prvTraceSetTaskNumberHigh16  trckernelport.o
    0x080038be   0x080038be   0x0000001a   Code   RO          204    i.prvTraceSetTaskNumberLow16  trckernelport.o
    0x080038d8   0x080038d8   0x000000fc   Code   RO          522    i.prvTraceStoreKernelCall  trcsnapshotrecorder.o
    0x080039d4   0x080039d4   0x000000b0   Code   RO          523    i.prvTraceStoreKernelCallWithNumericParamOnly  trcsnapshotrecorder.o
    0x08003a84   0x08003a84   0x00000114   Code   RO          524    i.prvTraceStoreKernelCallWithParam  trcsnapshotrecorder.o
    0x08003b98   0x08003b98   0x00000068   Code   RO          526    i.prvTraceStoreObjectNameOnCloseEvent  trcsnapshotrecorder.o
    0x08003c00   0x08003c00   0x00000080   Code   RO          527    i.prvTraceStoreObjectPropertiesOnCloseEvent  trcsnapshotrecorder.o
    0x08003c80   0x08003c80   0x000000e4   Code   RO          528    i.prvTraceStoreTaskReady  trcsnapshotrecorder.o
    0x08003d64   0x08003d64   0x00000088   Code   RO          529    i.prvTraceStoreTaskswitch  trcsnapshotrecorder.o
    0x08003dec   0x08003dec   0x00000030   Code   RO          531    i.prvTraceUpdateCounters  trcsnapshotrecorder.o
    0x08003e1c   0x08003e1c   0x0000006a   Code   RO         4378    i.prvUnlockQueue    queue.o
    0x08003e86   0x08003e86   0x00000002   PAD
    0x08003e88   0x08003e88   0x00000090   Code   RO          205    i.pszTraceGetErrorNotEnoughHandles  trckernelport.o
    0x08003f18   0x08003f18   0x000000ec   Code   RO         5750    i.pvPortMalloc      heap_4.o
    0x08004004   0x08004004   0x0000002c   Code   RO         5811    i.pxPortInitialiseStack  port.o
    0x08004030   0x08004030   0x00000006   Code   RO         4379    i.ucQueueGetQueueType  queue.o
    0x08004036   0x08004036   0x00000002   PAD
    0x08004038   0x08004038   0x000000c0   Code   RO          533    i.uiIndexOfObject   trcsnapshotrecorder.o
    0x080040f8   0x080040f8   0x0000008c   Code   RO          535    i.uiTraceStart      trcsnapshotrecorder.o
    0x08004184   0x08004184   0x00000026   Code   RO         4320    i.uxListRemove      list.o
    0x080041aa   0x080041aa   0x00000004   Code   RO         4380    i.uxQueueGetQueueNumber  queue.o
    0x080041ae   0x080041ae   0x00000002   PAD
    0x080041b0   0x080041b0   0x00000010   Code   RO         4805    i.uxTaskGetStackHighWaterMark  tasks.o
    0x080041c0   0x080041c0   0x00000008   Code   RO         4807    i.uxTaskGetTaskNumber  tasks.o
    0x080041c8   0x080041c8   0x0000001c   Code   RO         4808    i.uxTaskPriorityGet  tasks.o
    0x080041e4   0x080041e4   0x00000014   Code   RO         5382    i.vApplicationGetIdleTaskMemory  cmsis_os2.o
    0x080041f8   0x080041f8   0x00000018   Code   RO         5383    i.vApplicationGetTimerTaskMemory  cmsis_os2.o
    0x08004210   0x08004210   0x00000016   Code   RO         4321    i.vListInitialise   list.o
    0x08004226   0x08004226   0x00000006   Code   RO         4322    i.vListInitialiseItem  list.o
    0x0800422c   0x0800422c   0x00000030   Code   RO         4323    i.vListInsert       list.o
    0x0800425c   0x0800425c   0x00000018   Code   RO         4324    i.vListInsertEnd    list.o
    0x08004274   0x08004274   0x00000040   Code   RO         5813    i.vPortEnterCritical  port.o
    0x080042b4   0x080042b4   0x00000028   Code   RO         5814    i.vPortExitCritical  port.o
    0x080042dc   0x080042dc   0x00000068   Code   RO         5751    i.vPortFree         heap_4.o
    0x08004344   0x08004344   0x00000024   Code   RO         5815    i.vPortSetupTimerInterrupt  port.o
    0x08004368   0x08004368   0x00000054   Code   RO         5816    i.vPortValidateInterruptPriority  port.o
    0x080043bc   0x080043bc   0x0000004c   Code   RO         4384    i.vQueueAddToRegistry  queue.o
    0x08004408   0x08004408   0x00000004   Code   RO         4386    i.vQueueSetQueueNumber  queue.o
    0x0800440c   0x0800440c   0x00000044   Code   RO         4388    i.vQueueWaitForMessageRestricted  queue.o
    0x08004450   0x08004450   0x0000008c   Code   RO         4811    i.vTaskDelay        tasks.o
    0x080044dc   0x080044dc   0x00000128   Code   RO         4813    i.vTaskDelete       tasks.o
    0x08004604   0x08004604   0x00000010   Code   RO         4816    i.vTaskInternalSetTimeOutState  tasks.o
    0x08004614   0x08004614   0x0000000c   Code   RO         4817    i.vTaskMissedYield  tasks.o
    0x08004620   0x08004620   0x00000030   Code   RO         4819    i.vTaskPlaceOnEventList  tasks.o
    0x08004650   0x08004650   0x00000080   Code   RO         4820    i.vTaskPlaceOnEventListRestricted  tasks.o
    0x080046d0   0x080046d0   0x00000114   Code   RO         4823    i.vTaskPrioritySet  tasks.o
    0x080047e4   0x080047e4   0x00000008   Code   RO         4826    i.vTaskSetTaskNumber  tasks.o
    0x080047ec   0x080047ec   0x00000088   Code   RO         4828    i.vTaskStartScheduler  tasks.o
    0x08004874   0x08004874   0x00000010   Code   RO         4830    i.vTaskSuspendAll   tasks.o
    0x08004884   0x08004884   0x00000090   Code   RO         4831    i.vTaskSwitchContext  tasks.o
    0x08004914   0x08004914   0x000000d0   Code   RO          206    i.vTraceEnable      trckernelport.o
    0x080049e4   0x080049e4   0x00000064   Code   RO          207    i.vTraceInitObjectHandleStack  trckernelport.o
    0x08004a48   0x08004a48   0x0000008c   Code   RO          208    i.vTraceInitObjectPropertyTable  trckernelport.o
    0x08004ad4   0x08004ad4   0x00000004   Code   RO          546    i.vTraceStart       trcsnapshotrecorder.o
    0x08004ad8   0x08004ad8   0x00000018   Code   RO          547    i.vTraceStop        trcsnapshotrecorder.o
    0x08004af0   0x08004af0   0x000000ac   Code   RO          550    i.vTraceStoreMemMangEvent  trcsnapshotrecorder.o
    0x08004b9c   0x08004b9c   0x000000f4   Code   RO         5817    i.xPortStartScheduler  port.o
    0x08004c90   0x08004c90   0x0000002c   Code   RO         5818    i.xPortSysTickHandler  port.o
    0x08004cbc   0x08004cbc   0x00000066   Code   RO         4394    i.xQueueGenericCreateStatic  queue.o
    0x08004d22   0x08004d22   0x00000002   PAD
    0x08004d24   0x08004d24   0x00000088   Code   RO         4395    i.xQueueGenericReset  queue.o
    0x08004dac   0x08004dac   0x00000284   Code   RO         4396    i.xQueueGenericSend  queue.o
    0x08005030   0x08005030   0x00000164   Code   RO         4397    i.xQueueGenericSendFromISR  queue.o
    0x08005194   0x08005194   0x00000274   Code   RO         4406    i.xQueueReceive     queue.o
    0x08005408   0x08005408   0x00000074   Code   RO         4832    i.xTaskCheckForTimeOut  tasks.o
    0x0800547c   0x0800547c   0x0000005a   Code   RO         4833    i.xTaskCreate       tasks.o
    0x080054d6   0x080054d6   0x00000056   Code   RO         4834    i.xTaskCreateStatic  tasks.o
    0x0800552c   0x0800552c   0x0000000c   Code   RO         4837    i.xTaskGetCurrentTaskHandle  tasks.o
    0x08005538   0x08005538   0x0000001c   Code   RO         4838    i.xTaskGetSchedulerState  tasks.o
    0x08005554   0x08005554   0x0000000c   Code   RO         4839    i.xTaskGetTickCount  tasks.o
    0x08005560   0x08005560   0x00000110   Code   RO         4841    i.xTaskIncrementTick  tasks.o
    0x08005670   0x08005670   0x000000e0   Code   RO         4844    i.xTaskPriorityDisinherit  tasks.o
    0x08005750   0x08005750   0x0000008c   Code   RO         4846    i.xTaskRemoveFromEventList  tasks.o
    0x080057dc   0x080057dc   0x000000e4   Code   RO         4847    i.xTaskResumeAll    tasks.o
    0x080058c0   0x080058c0   0x00000060   Code   RO         5169    i.xTimerCreateTimerTask  timers.o
    0x08005920   0x08005920   0x00000068   Code   RO         5170    i.xTimerGenericCommand  timers.o
    0x08005988   0x08005988   0x00000010   Code   RO          557    i.xTraceIsRecordingEnabled  trcsnapshotrecorder.o
    0x08005998   0x08005998   0x000000b4   Data   RO          951    .constdata          main.o
    0x08005a4c   0x08005a4c   0x00000020   Data   RO         1394    .constdata          stm32f3xx_hal_rcc.o
    0x08005a6c   0x08005a6c   0x00000010   Data   RO         4129    .constdata          system_stm32f3xx.o
    0x08005a7c   0x08005a7c   0x00000008   Data   RO         4130    .constdata          system_stm32f3xx.o
    0x08005a84   0x08005a84   0x000002ce   Data   RO          213    .conststring        trckernelport.o
    0x08005d52   0x08005d52   0x00000002   PAD
    0x08005d54   0x08005d54   0x0000067d   Data   RO          561    .conststring        trcsnapshotrecorder.o
    0x080063d1   0x080063d1   0x00000003   PAD
    0x080063d4   0x080063d4   0x0000003c   Data   RO          952    .conststring        main.o
    0x08006410   0x08006410   0x00000020   Data   RO         5937    Region$$Table       anon$$obj.o


    Execution Region RW_IRAM1 (Exec base: 0x20000000, Load base: 0x08006430, Size: 0x00003e38, Max: 0x0000a000, ABSOLUTE)

    Exec Addr    Load Addr    Size         Type   Attr      Idx    E Section Name        Object

    0x20000000   0x08006430   0x0000000c   Data   RW          214    .data               trckernelport.o
    0x2000000c   0x0800643c   0x00000005   Data   RW          216    .data               trckernelport.o
    0x20000011   0x08006441   0x00000003   PAD
    0x20000014   0x08006444   0x00000050   Data   RW          562    .data               trcsnapshotrecorder.o
    0x20000064   0x08006494   0x00000004   Data   RW          563    .data               trcsnapshotrecorder.o
    0x20000068   0x08006498   0x00000004   Data   RW          564    .data               trcsnapshotrecorder.o
    0x2000006c   0x0800649c   0x00000018   Data   RW          953    .data               main.o
    0x20000084   0x080064b4   0x0000000c   Data   RW         1231    .data               stm32f3xx_hal.o
    0x20000090   0x080064c0   0x00000004   Data   RW         4131    .data               system_stm32f3xx.o
    0x20000094   0x080064c4   0x0000003c   Data   RW         4850    .data               tasks.o
    0x200000d0   0x08006500   0x00000014   Data   RW         5178    .data               timers.o
    0x200000e4   0x08006514   0x00000004   Data   RW         5385    .data               cmsis_os2.o
    0x200000e8   0x08006518   0x00000018   Data   RW         5756    .data               heap_4.o
    0x20000100   0x08006530   0x0000000c   Data   RW         5819    .data               port.o
    0x2000010c        -       0x000004ac   Zero   RW          212    .bss                trckernelport.o
    0x200005b8        -       0x000019a8   Zero   RW          560    .bss                trcsnapshotrecorder.o
    0x20001f60        -       0x00000180   Zero   RW          949    .bss                main.o
    0x200020e0        -       0x00000044   Zero   RW          950    .bss                main.o
    0x20002124        -       0x00000040   Zero   RW         1170    .bss                stm32f3xx_hal_timebase_tim.o
    0x20002164        -       0x00000040   Zero   RW         4410    .bss                queue.o
    0x200021a4        -       0x000004c4   Zero   RW         4849    .bss                tasks.o
    0x20002668        -       0x00000118   Zero   RW         5177    .bss                timers.o
    0x20002780        -       0x000006b8   Zero   RW         5384    .bss                cmsis_os2.o
    0x20002e38        -       0x00000c00   Zero   RW         5755    .bss                heap_4.o
    0x20003a38        -       0x00000400   Zero   RW            1    STACK               startup_stm32f303xc.o


==============================================================================

Image component sizes


      Code (inc. data)   RO Data    RW Data    ZI Data      Debug   Object Name

       390         32          0          4       1720      16552   cmsis_os2.o
         0          0          0          0          0      18464   event_groups.o
       492         26          0         24       3072       4855   heap_4.o
       138          0          0          0          0       3546   list.o
       734         96        240         24        452      10474   main.o
       786         82          0         12          0      11597   port.o
      2500         66          0          0         64      17097   queue.o
         0          0          0          0          0       1836   segger_rtt.o
        36          8        392          0       1024        836   startup_stm32f303xc.o
        64         14          0         12          0      12090   stm32f3xx_hal.o
       158         14          0          0          0      33158   stm32f3xx_hal_cortex.o
       534         12          0          0          0       4958   stm32f3xx_hal_dma.o
       424         28          0          0          0       3660   stm32f3xx_hal_gpio.o
       216         24          0          0          0       1650   stm32f3xx_hal_msp.o
      2076         86         32          0          0       6469   stm32f3xx_hal_rcc.o
       536         14          0          0          0       1596   stm32f3xx_hal_rcc_ex.o
       672         34          0          0          0       7276   stm32f3xx_hal_tim.o
         6          0          0          0          0       2152   stm32f3xx_hal_tim_ex.o
       116         16          0          0         64       1399   stm32f3xx_hal_timebase_tim.o
      1738         70          0          0          0      12472   stm32f3xx_hal_uart.o
         2          0          0          0          0       1000   stm32f3xx_hal_uart_ex.o
        88         30          0          0          0       4166   stm32f3xx_it.o
         0          0          0          0          0       6856   stream_buffer.o
        28          6         24          4          0       1131   system_stm32f3xx.o
      3280        260          0         60       1220      30087   tasks.o
       912         82          0         20        280      24559   timers.o
       962        268        718         17       1196     627554   trckernelport.o
      5276       2028       1661         88       6568      51642   trcsnapshotrecorder.o

    ----------------------------------------------------------------------
     22194       3296       3104        268      15660     919132   Object Totals
         0          0         32          0          0          0   (incl. Generated)
        30          0          5          3          0          0   (incl. Padding)

    ----------------------------------------------------------------------

      Code (inc. data)   RO Data    RW Data    ZI Data      Debug   Library Member Name

         0          0          0          0          0          0   entry.o
         0          0          0          0          0          0   entry10a.o
         0          0          0          0          0          0   entry11a.o
         8          4          0          0          0          0   entry2.o
         4          0          0          0          0          0   entry5.o
         0          0          0          0          0          0   entry7b.o
         0          0          0          0          0          0   entry8b.o
         8          4          0          0          0          0   entry9a.o
        30          0          0          0          0          0   handlers.o
        36          8          0          0          0         68   init.o
        30          0          0          0          0         68   llshl.o
        32          0          0          0          0         68   llushr.o
        36          0          0          0          0         68   memcpya.o
        36          0          0          0          0        108   memseta.o
        30          0          0          0          0         80   strncmp.o
        98          0          0          0          0         92   uldiv.o

    ----------------------------------------------------------------------
       350         16          0          0          0        552   Library Totals
         2          0          0          0          0          0   (incl. Padding)

    ----------------------------------------------------------------------

      Code (inc. data)   RO Data    RW Data    ZI Data      Debug   Library Name

       348         16          0          0          0        552   mc_w.l

    ----------------------------------------------------------------------
       350         16          0          0          0        552   Library Totals

    ----------------------------------------------------------------------

==============================================================================


      Code (inc. data)   RO Data    RW Data    ZI Data      Debug   

     22544       3312       3104        268      15660     899280   Grand Totals
     22544       3312       3104        268      15660     899280   ELF Image Totals
     22544       3312       3104        268          0          0   ROM Totals

==============================================================================

    Total RO  Size (Code + RO Data)                25648 (  25.05kB)
    Total RW  Size (RW Data + ZI Data)             15928 (  15.55kB)
    Total ROM Size (Code + RO Data + RW Data)      25916 (  25.31kB)

==============================================================================

